Archive member included to satisfy reference by file (symbol)

c:/st/stm32cubeide_1.11.0/stm32cubeide/plugins/com.st.stm32cube.ide.mcu.externaltools.gnu-tools-for-stm32.10.3-2021.10.win32_1.0.100.202210260954/tools/bin/../lib/gcc/arm-none-eabi/10.3.1/../../../../arm-none-eabi/lib/thumb/v7e-m+fp/hard\libc_nano.a(lib_a-errno.o)
                              ./Core/Src/syscalls.o (__errno)
c:/st/stm32cubeide_1.11.0/stm32cubeide/plugins/com.st.stm32cube.ide.mcu.externaltools.gnu-tools-for-stm32.10.3-2021.10.win32_1.0.100.202210260954/tools/bin/../lib/gcc/arm-none-eabi/10.3.1/../../../../arm-none-eabi/lib/thumb/v7e-m+fp/hard\libc_nano.a(lib_a-exit.o)
                              c:/st/stm32cubeide_1.11.0/stm32cubeide/plugins/com.st.stm32cube.ide.mcu.externaltools.gnu-tools-for-stm32.10.3-2021.10.win32_1.0.100.202210260954/tools/bin/../lib/gcc/arm-none-eabi/10.3.1/../../../../arm-none-eabi/lib/thumb/v7e-m+fp/hard/crt0.o (exit)
c:/st/stm32cubeide_1.11.0/stm32cubeide/plugins/com.st.stm32cube.ide.mcu.externaltools.gnu-tools-for-stm32.10.3-2021.10.win32_1.0.100.202210260954/tools/bin/../lib/gcc/arm-none-eabi/10.3.1/../../../../arm-none-eabi/lib/thumb/v7e-m+fp/hard\libc_nano.a(lib_a-impure.o)
                              c:/st/stm32cubeide_1.11.0/stm32cubeide/plugins/com.st.stm32cube.ide.mcu.externaltools.gnu-tools-for-stm32.10.3-2021.10.win32_1.0.100.202210260954/tools/bin/../lib/gcc/arm-none-eabi/10.3.1/../../../../arm-none-eabi/lib/thumb/v7e-m+fp/hard\libc_nano.a(lib_a-exit.o) (_global_impure_ptr)
c:/st/stm32cubeide_1.11.0/stm32cubeide/plugins/com.st.stm32cube.ide.mcu.externaltools.gnu-tools-for-stm32.10.3-2021.10.win32_1.0.100.202210260954/tools/bin/../lib/gcc/arm-none-eabi/10.3.1/../../../../arm-none-eabi/lib/thumb/v7e-m+fp/hard\libc_nano.a(lib_a-init.o)
                              c:/st/stm32cubeide_1.11.0/stm32cubeide/plugins/com.st.stm32cube.ide.mcu.externaltools.gnu-tools-for-stm32.10.3-2021.10.win32_1.0.100.202210260954/tools/bin/../lib/gcc/arm-none-eabi/10.3.1/../../../../arm-none-eabi/lib/thumb/v7e-m+fp/hard/crt0.o (__libc_init_array)
c:/st/stm32cubeide_1.11.0/stm32cubeide/plugins/com.st.stm32cube.ide.mcu.externaltools.gnu-tools-for-stm32.10.3-2021.10.win32_1.0.100.202210260954/tools/bin/../lib/gcc/arm-none-eabi/10.3.1/../../../../arm-none-eabi/lib/thumb/v7e-m+fp/hard\libc_nano.a(lib_a-memcpy-stub.o)
                              ./Thirdparty/FreeRTOS/queue.o (memcpy)
c:/st/stm32cubeide_1.11.0/stm32cubeide/plugins/com.st.stm32cube.ide.mcu.externaltools.gnu-tools-for-stm32.10.3-2021.10.win32_1.0.100.202210260954/tools/bin/../lib/gcc/arm-none-eabi/10.3.1/../../../../arm-none-eabi/lib/thumb/v7e-m+fp/hard\libc_nano.a(lib_a-memset.o)
                              c:/st/stm32cubeide_1.11.0/stm32cubeide/plugins/com.st.stm32cube.ide.mcu.externaltools.gnu-tools-for-stm32.10.3-2021.10.win32_1.0.100.202210260954/tools/bin/../lib/gcc/arm-none-eabi/10.3.1/../../../../arm-none-eabi/lib/thumb/v7e-m+fp/hard/crt0.o (memset)
c:/st/stm32cubeide_1.11.0/stm32cubeide/plugins/com.st.stm32cube.ide.mcu.externaltools.gnu-tools-for-stm32.10.3-2021.10.win32_1.0.100.202210260954/tools/bin/../lib/gcc/arm-none-eabi/10.3.1/../../../../arm-none-eabi/lib/thumb/v7e-m+fp/hard\libc_nano.a(lib_a-nano-vfprintf_float.o)
                              (_printf_float)
c:/st/stm32cubeide_1.11.0/stm32cubeide/plugins/com.st.stm32cube.ide.mcu.externaltools.gnu-tools-for-stm32.10.3-2021.10.win32_1.0.100.202210260954/tools/bin/../lib/gcc/arm-none-eabi/10.3.1/../../../../arm-none-eabi/lib/thumb/v7e-m+fp/hard\libc_nano.a(lib_a-nano-vfprintf_i.o)
                              c:/st/stm32cubeide_1.11.0/stm32cubeide/plugins/com.st.stm32cube.ide.mcu.externaltools.gnu-tools-for-stm32.10.3-2021.10.win32_1.0.100.202210260954/tools/bin/../lib/gcc/arm-none-eabi/10.3.1/../../../../arm-none-eabi/lib/thumb/v7e-m+fp/hard\libc_nano.a(lib_a-nano-vfprintf_float.o) (_printf_common)
c:/st/stm32cubeide_1.11.0/stm32cubeide/plugins/com.st.stm32cube.ide.mcu.externaltools.gnu-tools-for-stm32.10.3-2021.10.win32_1.0.100.202210260954/tools/bin/../lib/gcc/arm-none-eabi/10.3.1/../../../../arm-none-eabi/lib/thumb/v7e-m+fp/hard\libc_nano.a(lib_a-sprintf.o)
                              ./Core/Src/main.o (sprintf)
c:/st/stm32cubeide_1.11.0/stm32cubeide/plugins/com.st.stm32cube.ide.mcu.externaltools.gnu-tools-for-stm32.10.3-2021.10.win32_1.0.100.202210260954/tools/bin/../lib/gcc/arm-none-eabi/10.3.1/../../../../arm-none-eabi/lib/thumb/v7e-m+fp/hard\libc_nano.a(lib_a-strlen.o)
                              c:/st/stm32cubeide_1.11.0/stm32cubeide/plugins/com.st.stm32cube.ide.mcu.externaltools.gnu-tools-for-stm32.10.3-2021.10.win32_1.0.100.202210260954/tools/bin/../lib/gcc/arm-none-eabi/10.3.1/../../../../arm-none-eabi/lib/thumb/v7e-m+fp/hard\libc_nano.a(lib_a-nano-vfprintf_float.o) (strlen)
[...]
Memory Configuration

Name             Origin             Length             Attributes
CCMRAM           0x0000000010000000 0x0000000000010000 xrw
RAM              0x0000000020000000 0x0000000000020000 xrw
FLASH            0x0000000008000000 0x0000000000100000 xr
*default*        0x0000000000000000 0xffffffffffffffff

Linker script and memory map

LOAD c:/st/stm32cubeide_1.11.0/stm32cubeide/plugins/com.st.stm32cube.ide.mcu.externaltools.gnu-tools-for-stm32.10.3-2021.10.win32_1.0.100.202210260954/tools/bin/../lib/gcc/arm-none-eabi/10.3.1/thumb/v7e-m+fp/hard/crti.o
LOAD c:/st/stm32cubeide_1.11.0/stm32cubeide/plugins/com.st.stm32cube.ide.mcu.externaltools.gnu-tools-for-stm32.10.3-2021.10.win32_1.0.100.202210260954/tools/bin/../lib/gcc/arm-none-eabi/10.3.1/thumb/v7e-m+fp/hard/crtbegin.o
LOAD c:/st/stm32cubeide_1.11.0/stm32cubeide/plugins/com.st.stm32cube.ide.mcu.externaltools.gnu-tools-for-stm32.10.3-2021.10.win32_1.0.100.202210260954/tools/bin/../lib/gcc/arm-none-eabi/10.3.1/../../../../arm-none-eabi/lib/thumb/v7e-m+fp/hard/crt0.o
LOAD ./Core/Src/LCD.o
LOAD ./Core/Src/cmn.o
LOAD ./Core/Src/main.o
LOAD ./Core/Src/stm32f4xx_hal_msp.o
LOAD ./Core/Src/stm32f4xx_hal_timebase_tim.o
LOAD ./Core/Src/stm32f4xx_it.o
LOAD ./Core/Src/syscalls.o
LOAD ./Core/Src/system_stm32f4xx.o
LOAD ./Core/Startup/startup_stm32f405rgtx.o
LOAD ./Drivers/STM32F4xx_HAL_Driver/Src/stm32f4xx_hal.o
LOAD ./Drivers/STM32F4xx_HAL_Driver/Src/stm32f4xx_hal_cortex.o
LOAD ./Drivers/STM32F4xx_HAL_Driver/Src/stm32f4xx_hal_dma.o
LOAD ./Drivers/STM32F4xx_HAL_Driver/Src/stm32f4xx_hal_dma_ex.o
LOAD ./Drivers/STM32F4xx_HAL_Driver/Src/stm32f4xx_hal_exti.o
LOAD ./Drivers/STM32F4xx_HAL_Driver/Src/stm32f4xx_hal_flash.o
LOAD ./Drivers/STM32F4xx_HAL_Driver/Src/stm32f4xx_hal_flash_ex.o
LOAD ./Drivers/STM32F4xx_HAL_Driver/Src/stm32f4xx_hal_flash_ramfunc.o
LOAD ./Drivers/STM32F4xx_HAL_Driver/Src/stm32f4xx_hal_gpio.o
LOAD ./Drivers/STM32F4xx_HAL_Driver/Src/stm32f4xx_hal_pwr.o
LOAD ./Drivers/STM32F4xx_HAL_Driver/Src/stm32f4xx_hal_pwr_ex.o
LOAD ./Drivers/STM32F4xx_HAL_Driver/Src/stm32f4xx_hal_rcc.o
LOAD ./Drivers/STM32F4xx_HAL_Driver/Src/stm32f4xx_hal_rcc_ex.o
LOAD ./Drivers/STM32F4xx_HAL_Driver/Src/stm32f4xx_hal_tim.o
LOAD ./Drivers/STM32F4xx_HAL_Driver/Src/stm32f4xx_hal_tim_ex.o
LOAD ./Thirdparty/FreeRTOS/croutine.o
LOAD ./Thirdparty/FreeRTOS/event_groups.o
LOAD ./Thirdparty/FreeRTOS/list.o
LOAD ./Thirdparty/FreeRTOS/queue.o
LOAD ./Thirdparty/FreeRTOS/stream_buffer.o
LOAD ./Thirdparty/FreeRTOS/tasks.o
LOAD ./Thirdparty/FreeRTOS/timers.o
LOAD ./Thirdparty/FreeRTOS/portable/GCC/ARM_CM4F/port.o
LOAD ./Thirdparty/FreeRTOS/portable/MemMang/heap_4.o
START GROUP
LOAD c:/st/stm32cubeide_1.11.0/stm32cubeide/plugins/com.st.stm32cube.ide.mcu.externaltools.gnu-tools-for-stm32.10.3-2021.10.win32_1.0.100.202210260954/tools/bin/../lib/gcc/arm-none-eabi/10.3.1/../../../../arm-none-eabi/lib/thumb/v7e-m+fp/hard\libc_nano.a
LOAD c:/st/stm32cubeide_1.11.0/stm32cubeide/plugins/com.st.stm32cube.ide.mcu.externaltools.gnu-tools-for-stm32.10.3-2021.10.win32_1.0.100.202210260954/tools/bin/../lib/gcc/arm-none-eabi/10.3.1/../../../../arm-none-eabi/lib/thumb/v7e-m+fp/hard\libm.a
END GROUP
START GROUP
LOAD c:/st/stm32cubeide_1.11.0/stm32cubeide/plugins/com.st.stm32cube.ide.mcu.externaltools.gnu-tools-for-stm32.10.3-2021.10.win32_1.0.100.202210260954/tools/bin/../lib/gcc/arm-none-eabi/10.3.1/thumb/v7e-m+fp/hard\libgcc.a
LOAD c:/st/stm32cubeide_1.11.0/stm32cubeide/plugins/com.st.stm32cube.ide.mcu.externaltools.gnu-tools-for-stm32.10.3-2021.10.win32_1.0.100.202210260954/tools/bin/../lib/gcc/arm-none-eabi/10.3.1/../../../../arm-none-eabi/lib/thumb/v7e-m+fp/hard\libc_nano.a
END GROUP
START GROUP
LOAD c:/st/stm32cubeide_1.11.0/stm32cubeide/plugins/com.st.stm32cube.ide.mcu.externaltools.gnu-tools-for-stm32.10.3-2021.10.win32_1.0.100.202210260954/tools/bin/../lib/gcc/arm-none-eabi/10.3.1/thumb/v7e-m+fp/hard\libgcc.a
LOAD c:/st/stm32cubeide_1.11.0/stm32cubeide/plugins/com.st.stm32cube.ide.mcu.externaltools.gnu-tools-for-stm32.10.3-2021.10.win32_1.0.100.202210260954/tools/bin/../lib/gcc/arm-none-eabi/10.3.1/../../../../arm-none-eabi/lib/thumb/v7e-m+fp/hard\libc_nano.a
LOAD c:/st/stm32cubeide_1.11.0/stm32cubeide/plugins/com.st.stm32cube.ide.mcu.externaltools.gnu-tools-for-stm32.10.3-2021.10.win32_1.0.100.202210260954/tools/bin/../lib/gcc/arm-none-eabi/10.3.1/../../../../arm-none-eabi/lib/thumb/v7e-m+fp/hard\libnosys.a
END GROUP
START GROUP
LOAD c:/st/stm32cubeide_1.11.0/stm32cubeide/plugins/com.st.stm32cube.ide.mcu.externaltools.gnu-tools-for-stm32.10.3-2021.10.win32_1.0.100.202210260954/tools/bin/../lib/gcc/arm-none-eabi/10.3.1/thumb/v7e-m+fp/hard\libgcc.a
LOAD c:/st/stm32cubeide_1.11.0/stm32cubeide/plugins/com.st.stm32cube.ide.mcu.externaltools.gnu-tools-for-stm32.10.3-2021.10.win32_1.0.100.202210260954/tools/bin/../lib/gcc/arm-none-eabi/10.3.1/../../../../arm-none-eabi/lib/thumb/v7e-m+fp/hard\libc_nano.a
LOAD c:/st/stm32cubeide_1.11.0/stm32cubeide/plugins/com.st.stm32cube.ide.mcu.externaltools.gnu-tools-for-stm32.10.3-2021.10.win32_1.0.100.202210260954/tools/bin/../lib/gcc/arm-none-eabi/10.3.1/../../../../arm-none-eabi/lib/thumb/v7e-m+fp/hard\libnosys.a
END GROUP
LOAD c:/st/stm32cubeide_1.11.0/stm32cubeide/plugins/com.st.stm32cube.ide.mcu.externaltools.gnu-tools-for-stm32.10.3-2021.10.win32_1.0.100.202210260954/tools/bin/../lib/gcc/arm-none-eabi/10.3.1/thumb/v7e-m+fp/hard/crtend.o
LOAD c:/st/stm32cubeide_1.11.0/stm32cubeide/plugins/com.st.stm32cube.ide.mcu.externaltools.gnu-tools-for-stm32.10.3-2021.10.win32_1.0.100.202210260954/tools/bin/../lib/gcc/arm-none-eabi/10.3.1/thumb/v7e-m+fp/hard/crtn.o
                0x0000000020020000                _estack = (ORIGIN (RAM) + LENGTH (RAM))
                0x0000000000000200                _Min_Heap_Size = 0x200
                0x0000000000000400                _Min_Stack_Size = 0x400

.isr_vector     0x0000000008000000      0x188
                0x0000000008000000                . = ALIGN (0x4)
 *(.isr_vector)
 .isr_vector    0x0000000008000000      0x188 ./Core/Startup/startup_stm32f405rgtx.o
                0x0000000008000000                g_pfnVectors
                0x0000000008000188                . = ALIGN (0x4)

.text           0x0000000008000190     0x6a60
                0x0000000008000190                . = ALIGN (0x4)
 *(.text)
 .text          0x0000000008000190       0x40 c:/st/stm32cubeide_1.11.0/stm32cubeide/plugins/com.st.stm32cube.ide.mcu.externaltools.gnu-tools-for-stm32.10.3-2021.10.win32_1.0.100.202210260954/tools/bin/../lib/gcc/arm-none-eabi/10.3.1/thumb/v7e-m+fp/hard/crtbegin.o
 .text          0x00000000080001d0       0x10 c:/st/stm32cubeide_1.11.0/stm32cubeide/plugins/com.st.stm32cube.ide.mcu.externaltools.gnu-tools-for-stm32.10.3-2021.10.win32_1.0.100.202210260954/tools/bin/../lib/gcc/arm-none-eabi/10.3.1/../../../../arm-none-eabi/lib/thumb/v7e-m+fp/hard\libc_nano.a(lib_a-strlen.o)
                0x00000000080001d0                strlen
 .text          0x00000000080001e0       0xa0 c:/st/stm32cubeide_1.11.0/stm32cubeide/plugins/com.st.stm32cube.ide.mcu.externaltools.gnu-tools-for-stm32.10.3-2021.10.win32_1.0.100.202210260954/tools/bin/../lib/gcc/arm-none-eabi/10.3.1/../../../../arm-none-eabi/lib/thumb/v7e-m+fp/hard\libc_nano.a(lib_a-memchr.o)
                0x00000000080001e0                memchr
 .text          0x0000000008000280      0x378 c:/st/stm32cubeide_1.11.0/stm32cubeide/plugins/com.st.stm32cube.ide.mcu.externaltools.gnu-tools-for-stm32.10.3-2021.10.win32_1.0.100.202210260954/tools/bin/../lib/gcc/arm-none-eabi/10.3.1/thumb/v7e-m+fp/hard\libgcc.a(_arm_addsubdf3.o)
                0x0000000008000280                __aeabi_drsub
                0x0000000008000288                __aeabi_dsub
                0x0000000008000288                __subdf3
                0x000000000800028c                __aeabi_dadd
                0x000000000800028c                __adddf3
                0x0000000008000504                __floatunsidf
                0x0000000008000504                __aeabi_ui2d
                0x0000000008000524                __floatsidf
                0x0000000008000524                __aeabi_i2d
                0x0000000008000548                __aeabi_f2d
                0x0000000008000548                __extendsfdf2
                0x000000000800058c                __floatundidf
                0x000000000800058c                __aeabi_ul2d
                0x000000000800059c                __floatdidf
                0x000000000800059c                __aeabi_l2d
 .text          0x00000000080005f8      0x424 c:/st/stm32cubeide_1.11.0/stm32cubeide/plugins/com.st.stm32cube.ide.mcu.externaltools.gnu-tools-for-stm32.10.3-2021.10.win32_1.0.100.202210260954/tools/bin/../lib/gcc/arm-none-eabi/10.3.1/thumb/v7e-m+fp/hard\libgcc.a(_arm_muldivdf3.o)
                0x00000000080005f8                __aeabi_dmul
                0x00000000080005f8                __muldf3
                0x000000000800084c                __divdf3
                0x000000000800084c                __aeabi_ddiv
 .text          0x0000000008000a1c      0x110 c:/st/stm32cubeide_1.11.0/stm32cubeide/plugins/com.st.stm32cube.ide.mcu.externaltools.gnu-tools-for-stm32.10.3-2021.10.win32_1.0.100.202210260954/tools/bin/../lib/gcc/arm-none-eabi/10.3.1/thumb/v7e-m+fp/hard\libgcc.a(_arm_cmpdf2.o)
                0x0000000008000a1c                __gtdf2
                0x0000000008000a1c                __gedf2
                0x0000000008000a24                __ltdf2
                0x0000000008000a24                __ledf2
                0x0000000008000a2c                __nedf2
                0x0000000008000a2c                __eqdf2
                0x0000000008000a2c                __cmpdf2
                0x0000000008000aa8                __aeabi_cdrcmple
                0x0000000008000ab8                __aeabi_cdcmpeq
                0x0000000008000ab8                __aeabi_cdcmple
                0x0000000008000ac8                __aeabi_dcmpeq
                0x0000000008000adc                __aeabi_dcmplt
                0x0000000008000af0                __aeabi_dcmple
                0x0000000008000b04                __aeabi_dcmpge
                0x0000000008000b18                __aeabi_dcmpgt
 .text          0x0000000008000b2c       0x2c c:/st/stm32cubeide_1.11.0/stm32cubeide/plugins/com.st.stm32cube.ide.mcu.externaltools.gnu-tools-for-stm32.10.3-2021.10.win32_1.0.100.202210260954/tools/bin/../lib/gcc/arm-none-eabi/10.3.1/thumb/v7e-m+fp/hard\libgcc.a(_arm_unorddf2.o)
                0x0000000008000b2c                __unorddf2
                0x0000000008000b2c                __aeabi_dcmpun
 .text          0x0000000008000b58       0x50 c:/st/stm32cubeide_1.11.0/stm32cubeide/plugins/com.st.stm32cube.ide.mcu.externaltools.gnu-tools-for-stm32.10.3-2021.10.win32_1.0.100.202210260954/tools/bin/../lib/gcc/arm-none-eabi/10.3.1/thumb/v7e-m+fp/hard\libgcc.a(_arm_fixdfsi.o)
                0x0000000008000b58                __aeabi_d2iz
                0x0000000008000b58                __fixdfsi
 .text          0x0000000008000ba8       0xa0 c:/st/stm32cubeide_1.11.0/stm32cubeide/plugins/com.st.stm32cube.ide.mcu.externaltools.gnu-tools-for-stm32.10.3-2021.10.win32_1.0.100.202210260954/tools/bin/../lib/gcc/arm-none-eabi/10.3.1/thumb/v7e-m+fp/hard\libgcc.a(_arm_truncdfsf2.o)
                0x0000000008000ba8                __truncdfsf2
                0x0000000008000ba8                __aeabi_d2f
 *(.text*)
 .text.DelayLcd
                0x0000000008000c48       0x2e ./Core/Src/LCD.o
                0x0000000008000c48                DelayLcd
 *fill*         0x0000000008000c76        0x2 
 .text.LcdInit  0x0000000008000c78       0x84 ./Core/Src/LCD.o
                0x0000000008000c78                LcdInit
 .text.LcdFxn   0x0000000008000cfc      0x160 ./Core/Src/LCD.o
                0x0000000008000cfc                LcdFxn
 .text.lprint   0x0000000008000e5c       0x50 ./Core/Src/LCD.o
                0x0000000008000e5c                lprint
 .text.SetOutput
                0x0000000008000eac       0x42 ./Core/Src/cmn.o
                0x0000000008000eac                SetOutput
 .text.SetBit   0x0000000008000eee       0x28 ./Core/Src/cmn.o
                0x0000000008000eee                SetBit
 .text.ClrBit   0x0000000008000f16       0x2a ./Core/Src/cmn.o
                0x0000000008000f16                ClrBit
 .text.delay_us
                0x0000000008000f40       0x2c ./Core/Src/main.o
                0x0000000008000f40                delay_us
 .text.TIM2_us_init
                0x0000000008000f6c       0x54 ./Core/Src/main.o
                0x0000000008000f6c                TIM2_us_init
 .text.TIM4_us_init
                0x0000000008000fc0       0x50 ./Core/Src/main.o
                0x0000000008000fc0                TIM4_us_init
 .text.GPIO_Init_Ultrasonic
                0x0000000008001010       0x50 ./Core/Src/main.o
                0x0000000008001010                GPIO_Init_Ultrasonic
 .text.send_trigger
                0x0000000008001060       0x24 ./Core/Src/main.o
                0x0000000008001060                send_trigger
 .text.read_echo_time
                0x0000000008001084       0x6c ./Core/Src/main.o
                0x0000000008001084                read_echo_time
 .text.GPIO_Motordriver
                0x00000000080010f0       0x48 ./Core/Src/main.o
                0x00000000080010f0                GPIO_Motordriver
 .text.pwm_enable
                0x0000000008001138       0x38 ./Core/Src/main.o
                0x0000000008001138                pwm_enable
 .text.pwm_gpio_init
                0x0000000008001170       0x88 ./Core/Src/main.o
                0x0000000008001170                pwm_gpio_init
 .text.ADCModuleInitVib
                0x00000000080011f8       0xf8 ./Core/Src/main.o
                0x00000000080011f8                ADCModuleInitVib
 .text.GPIO_Init_MotorRelay
                0x00000000080012f0       0x48 ./Core/Src/main.o
                0x00000000080012f0                GPIO_Init_MotorRelay
 .text.ADCModuleInittemp
                0x0000000008001338      0x14c ./Core/Src/main.o
                0x0000000008001338                ADCModuleInittemp
 .text.GPIO_Init_Power
                0x0000000008001484       0x48 ./Core/Src/main.o
                0x0000000008001484                GPIO_Init_Power
 .text.Therm    0x00000000080014cc       0x1a ./Core/Src/main.o
                0x00000000080014cc                Therm
 .text.Vib      0x00000000080014e6       0x1e ./Core/Src/main.o
                0x00000000080014e6                Vib
 .text.Uson     0x0000000008001504       0xbc ./Core/Src/main.o
                0x0000000008001504                Uson
 .text.main     0x00000000080015c0       0x70 ./Core/Src/main.o
                0x00000000080015c0                main
 .text.NMI_Handler
                0x0000000008001630        0x6 ./Core/Src/stm32f4xx_it.o
                0x0000000008001630                NMI_Handler
 .text.HardFault_Handler
                0x0000000008001636        0x6 ./Core/Src/stm32f4xx_it.o
                0x0000000008001636                HardFault_Handler
 .text.MemManage_Handler
                0x000000000800163c        0x6 ./Core/Src/stm32f4xx_it.o
                0x000000000800163c                MemManage_Handler
 .text.BusFault_Handler
                0x0000000008001642        0x6 ./Core/Src/stm32f4xx_it.o
                0x0000000008001642                BusFault_Handler
 .text.UsageFault_Handler
                0x0000000008001648        0x6 ./Core/Src/stm32f4xx_it.o
                0x0000000008001648                UsageFault_Handler
 .text.DebugMon_Handler
                0x000000000800164e        0xe ./Core/Src/stm32f4xx_it.o
                0x000000000800164e                DebugMon_Handler
 .text.TIM6_DAC_IRQHandler
                0x000000000800165c       0x14 ./Core/Src/stm32f4xx_it.o
                0x000000000800165c                TIM6_DAC_IRQHandler
 .text._getpid  0x0000000008001670       0x10 ./Core/Src/syscalls.o
                0x0000000008001670                _getpid
 .text._kill    0x0000000008001680       0x20 ./Core/Src/syscalls.o
                0x0000000008001680                _kill
 .text._exit    0x00000000080016a0       0x14 ./Core/Src/syscalls.o
                0x00000000080016a0                _exit
 .text._read    0x00000000080016b4       0x3a ./Core/Src/syscalls.o
                0x00000000080016b4                _read
 .text._write   0x00000000080016ee       0x38 ./Core/Src/syscalls.o
                0x00000000080016ee                _write
 .text._close   0x0000000008001726       0x18 ./Core/Src/syscalls.o
                0x0000000008001726                _close
 .text._fstat   0x000000000800173e       0x20 ./Core/Src/syscalls.o
                0x000000000800173e                _fstat
 .text._isatty  0x000000000800175e       0x16 ./Core/Src/syscalls.o
                0x000000000800175e                _isatty
 .text._lseek   0x0000000008001774       0x1a ./Core/Src/syscalls.o
                0x0000000008001774                _lseek
 *fill*         0x000000000800178e        0x2 
 .text.SystemInit
                0x0000000008001790       0x24 ./Core/Src/system_stm32f4xx.o
                0x0000000008001790                SystemInit
 .text.Reset_Handler
                0x00000000080017b4       0x50 ./Core/Startup/startup_stm32f405rgtx.o
                0x00000000080017b4                Reset_Handler
 .text.Default_Handler
                0x0000000008001804        0x2 ./Core/Startup/startup_stm32f405rgtx.o
                0x0000000008001804                RTC_Alarm_IRQHandler
                0x0000000008001804                HASH_RNG_IRQHandler
                0x0000000008001804                EXTI2_IRQHandler
                0x0000000008001804                TIM8_CC_IRQHandler
                0x0000000008001804                TIM1_CC_IRQHandler
                0x0000000008001804                DMA2_Stream5_IRQHandler
                0x0000000008001804                DMA1_Stream5_IRQHandler
                0x0000000008001804                PVD_IRQHandler
                0x0000000008001804                SDIO_IRQHandler
                0x0000000008001804                TAMP_STAMP_IRQHandler
                0x0000000008001804                CAN2_RX1_IRQHandler
                0x0000000008001804                EXTI3_IRQHandler
                0x0000000008001804                TIM8_TRG_COM_TIM14_IRQHandler
                0x0000000008001804                TIM1_UP_TIM10_IRQHandler
                0x0000000008001804                TIM8_UP_TIM13_IRQHandler
                0x0000000008001804                I2C3_ER_IRQHandler
                0x0000000008001804                EXTI0_IRQHandler
                0x0000000008001804                I2C2_EV_IRQHandler
                0x0000000008001804                DMA1_Stream2_IRQHandler
                0x0000000008001804                CAN1_RX0_IRQHandler
                0x0000000008001804                FPU_IRQHandler
                0x0000000008001804                OTG_HS_WKUP_IRQHandler
                0x0000000008001804                CAN2_SCE_IRQHandler
                0x0000000008001804                DMA2_Stream2_IRQHandler
                0x0000000008001804                SPI1_IRQHandler
                0x0000000008001804                TIM1_BRK_TIM9_IRQHandler
                0x0000000008001804                CAN2_RX0_IRQHandler
                0x0000000008001804                DMA2_Stream3_IRQHandler
                0x0000000008001804                USART6_IRQHandler
                0x0000000008001804                USART3_IRQHandler
                0x0000000008001804                CAN1_RX1_IRQHandler
                0x0000000008001804                UART5_IRQHandler
                0x0000000008001804                DMA2_Stream0_IRQHandler
                0x0000000008001804                TIM4_IRQHandler
                0x0000000008001804                I2C1_EV_IRQHandler
                0x0000000008001804                DMA1_Stream6_IRQHandler
                0x0000000008001804                DMA1_Stream1_IRQHandler
                0x0000000008001804                UART4_IRQHandler
                0x0000000008001804                TIM3_IRQHandler
                0x0000000008001804                RCC_IRQHandler
                0x0000000008001804                TIM8_BRK_TIM12_IRQHandler
                0x0000000008001804                Default_Handler
                0x0000000008001804                EXTI15_10_IRQHandler
                0x0000000008001804                ADC_IRQHandler
                0x0000000008001804                DMA1_Stream7_IRQHandler
                0x0000000008001804                TIM7_IRQHandler
                0x0000000008001804                CAN2_TX_IRQHandler
                0x0000000008001804                TIM5_IRQHandler
                0x0000000008001804                DMA2_Stream7_IRQHandler
                0x0000000008001804                I2C3_EV_IRQHandler
                0x0000000008001804                EXTI9_5_IRQHandler
                0x0000000008001804                RTC_WKUP_IRQHandler
                0x0000000008001804                SPI2_IRQHandler
                0x0000000008001804                OTG_HS_EP1_IN_IRQHandler
                0x0000000008001804                DMA1_Stream0_IRQHandler
                0x0000000008001804                CAN1_TX_IRQHandler
                0x0000000008001804                EXTI4_IRQHandler
                0x0000000008001804                FSMC_IRQHandler
                0x0000000008001804                OTG_HS_EP1_OUT_IRQHandler
                0x0000000008001804                WWDG_IRQHandler
                0x0000000008001804                TIM2_IRQHandler
                0x0000000008001804                OTG_FS_WKUP_IRQHandler
                0x0000000008001804                TIM1_TRG_COM_TIM11_IRQHandler
                0x0000000008001804                OTG_HS_IRQHandler
                0x0000000008001804                EXTI1_IRQHandler
                0x0000000008001804                USART2_IRQHandler
                0x0000000008001804                I2C2_ER_IRQHandler
                0x0000000008001804                DMA2_Stream1_IRQHandler
                0x0000000008001804                CAN1_SCE_IRQHandler
                0x0000000008001804                FLASH_IRQHandler
                0x0000000008001804                DMA2_Stream4_IRQHandler
                0x0000000008001804                USART1_IRQHandler
                0x0000000008001804                OTG_FS_IRQHandler
                0x0000000008001804                SPI3_IRQHandler
                0x0000000008001804                DMA1_Stream4_IRQHandler
                0x0000000008001804                I2C1_ER_IRQHandler
                0x0000000008001804                DMA2_Stream6_IRQHandler
                0x0000000008001804                DMA1_Stream3_IRQHandler
 .text.HAL_TIM_IRQHandler
                0x0000000008001806      0x210 ./Drivers/STM32F4xx_HAL_Driver/Src/stm32f4xx_hal_tim.o
                0x0000000008001806                HAL_TIM_IRQHandler
 .text.HAL_TIM_PeriodElapsedCallback
                0x0000000008001a16       0x14 ./Drivers/STM32F4xx_HAL_Driver/Src/stm32f4xx_hal_tim.o
                0x0000000008001a16                HAL_TIM_PeriodElapsedCallback
 .text.HAL_TIM_OC_DelayElapsedCallback
                0x0000000008001a2a       0x14 ./Drivers/STM32F4xx_HAL_Driver/Src/stm32f4xx_hal_tim.o
                0x0000000008001a2a                HAL_TIM_OC_DelayElapsedCallback
 .text.HAL_TIM_IC_CaptureCallback
                0x0000000008001a3e       0x14 ./Drivers/STM32F4xx_HAL_Driver/Src/stm32f4xx_hal_tim.o
                0x0000000008001a3e                HAL_TIM_IC_CaptureCallback
 .text.HAL_TIM_PWM_PulseFinishedCallback
                0x0000000008001a52       0x14 ./Drivers/STM32F4xx_HAL_Driver/Src/stm32f4xx_hal_tim.o
                0x0000000008001a52                HAL_TIM_PWM_PulseFinishedCallback
 .text.HAL_TIM_TriggerCallback
                0x0000000008001a66       0x14 ./Drivers/STM32F4xx_HAL_Driver/Src/stm32f4xx_hal_tim.o
                0x0000000008001a66                HAL_TIM_TriggerCallback
 .text.HAL_TIMEx_CommutCallback
                0x0000000008001a7a       0x14 ./Drivers/STM32F4xx_HAL_Driver/Src/stm32f4xx_hal_tim_ex.o
                0x0000000008001a7a                HAL_TIMEx_CommutCallback
 .text.HAL_TIMEx_BreakCallback
                0x0000000008001a8e       0x14 ./Drivers/STM32F4xx_HAL_Driver/Src/stm32f4xx_hal_tim_ex.o
                0x0000000008001a8e                HAL_TIMEx_BreakCallback
 .text.vListInitialise
                0x0000000008001aa2       0x40 ./Thirdparty/FreeRTOS/list.o
                0x0000000008001aa2                vListInitialise
 .text.vListInitialiseItem
                0x0000000008001ae2       0x1a ./Thirdparty/FreeRTOS/list.o
                0x0000000008001ae2                vListInitialiseItem
 .text.vListInsert
                0x0000000008001afc       0x72 ./Thirdparty/FreeRTOS/list.o
                0x0000000008001afc                vListInsert
 .text.uxListRemove
                0x0000000008001b6e       0x54 ./Thirdparty/FreeRTOS/list.o
                0x0000000008001b6e                uxListRemove
 *fill*         0x0000000008001bc2        0x2 
 .text.xQueueGenericReset
                0x0000000008001bc4      0x120 ./Thirdparty/FreeRTOS/queue.o
                0x0000000008001bc4                xQueueGenericReset
 .text.xQueueGenericCreate
                0x0000000008001ce4       0x9c ./Thirdparty/FreeRTOS/queue.o
                0x0000000008001ce4                xQueueGenericCreate
 .text.prvInitialiseNewQueue
                0x0000000008001d80       0x46 ./Thirdparty/FreeRTOS/queue.o
 *fill*         0x0000000008001dc6        0x2 
 .text.xQueueReceive
                0x0000000008001dc8      0x1c0 ./Thirdparty/FreeRTOS/queue.o
                0x0000000008001dc8                xQueueReceive
 .text.prvCopyDataFromQueue
                0x0000000008001f88       0x4c ./Thirdparty/FreeRTOS/queue.o
 .text.prvUnlockQueue
                0x0000000008001fd4       0xa4 ./Thirdparty/FreeRTOS/queue.o
 .text.prvIsQueueEmpty
                0x0000000008002078       0x2c ./Thirdparty/FreeRTOS/queue.o
 .text.vQueueAddToRegistry
                0x00000000080020a4       0x9c ./Thirdparty/FreeRTOS/queue.o
                0x00000000080020a4                vQueueAddToRegistry
 .text.vQueueWaitForMessageRestricted
                0x0000000008002140       0x68 ./Thirdparty/FreeRTOS/queue.o
                0x0000000008002140                vQueueWaitForMessageRestricted
 .text.xTaskCreate
                0x00000000080021a8       0x8c ./Thirdparty/FreeRTOS/tasks.o
                0x00000000080021a8                xTaskCreate
 .text.prvInitialiseNewTask
                0x0000000008002234      0x11c ./Thirdparty/FreeRTOS/tasks.o
 .text.prvAddNewTaskToReadyList
                0x0000000008002350      0x12c ./Thirdparty/FreeRTOS/tasks.o
 .text.vTaskDelay
                0x000000000800247c       0x68 ./Thirdparty/FreeRTOS/tasks.o
                0x000000000800247c                vTaskDelay
 .text.vTaskStartScheduler
                0x00000000080024e4       0xa4 ./Thirdparty/FreeRTOS/tasks.o
                0x00000000080024e4                vTaskStartScheduler
 .text.vTaskSuspendAll
                0x0000000008002588       0x1c ./Thirdparty/FreeRTOS/tasks.o
                0x0000000008002588                vTaskSuspendAll
 .text.xTaskResumeAll
                0x00000000080025a4      0x1f8 ./Thirdparty/FreeRTOS/tasks.o
                0x00000000080025a4                xTaskResumeAll
 .text.xTaskGetTickCount
                0x000000000800279c       0x20 ./Thirdparty/FreeRTOS/tasks.o
                0x000000000800279c                xTaskGetTickCount
 .text.xTaskIncrementTick
                0x00000000080027bc      0x22c ./Thirdparty/FreeRTOS/tasks.o
                0x00000000080027bc                xTaskIncrementTick
 .text.vTaskSwitchContext
                0x00000000080029e8       0xb8 ./Thirdparty/FreeRTOS/tasks.o
                0x00000000080029e8                vTaskSwitchContext
 .text.vTaskPlaceOnEventList
                0x0000000008002aa0       0x48 ./Thirdparty/FreeRTOS/tasks.o
                0x0000000008002aa0                vTaskPlaceOnEventList
 .text.vTaskPlaceOnEventListRestricted
                0x0000000008002ae8       0x8c ./Thirdparty/FreeRTOS/tasks.o
                0x0000000008002ae8                vTaskPlaceOnEventListRestricted
 .text.xTaskRemoveFromEventList
                0x0000000008002b74      0x1ac ./Thirdparty/FreeRTOS/tasks.o
                0x0000000008002b74                xTaskRemoveFromEventList
 .text.vTaskInternalSetTimeOutState
                0x0000000008002d20       0x2c ./Thirdparty/FreeRTOS/tasks.o
                0x0000000008002d20                vTaskInternalSetTimeOutState
 .text.xTaskCheckForTimeOut
                0x0000000008002d4c       0xcc ./Thirdparty/FreeRTOS/tasks.o
                0x0000000008002d4c                xTaskCheckForTimeOut
 .text.vTaskMissedYield
                0x0000000008002e18       0x18 ./Thirdparty/FreeRTOS/tasks.o
                0x0000000008002e18                vTaskMissedYield
 .text.prvIdleTask
                0x0000000008002e30       0x30 ./Thirdparty/FreeRTOS/tasks.o
 .text.prvInitialiseTaskLists
                0x0000000008002e60       0x80 ./Thirdparty/FreeRTOS/tasks.o
 .text.prvCheckTasksWaitingTermination
                0x0000000008002ee0       0x5c ./Thirdparty/FreeRTOS/tasks.o
 .text.prvDeleteTCB
                0x0000000008002f3c       0x20 ./Thirdparty/FreeRTOS/tasks.o
 .text.prvResetNextTaskUnblockTime
                0x0000000008002f5c       0x38 ./Thirdparty/FreeRTOS/tasks.o
 .text.xTaskGetSchedulerState
                0x0000000008002f94       0x3c ./Thirdparty/FreeRTOS/tasks.o
                0x0000000008002f94                xTaskGetSchedulerState
 .text.prvAddCurrentTaskToDelayedList
                0x0000000008002fd0      0x100 ./Thirdparty/FreeRTOS/tasks.o
 .text.xTimerCreateTimerTask
                0x00000000080030d0       0x64 ./Thirdparty/FreeRTOS/timers.o
                0x00000000080030d0                xTimerCreateTimerTask
 .text.prvReloadTimer
                0x0000000008003134       0x42 ./Thirdparty/FreeRTOS/timers.o
 *fill*         0x0000000008003176        0x2 
 .text.prvProcessExpiredTimer
                0x0000000008003178       0x60 ./Thirdparty/FreeRTOS/timers.o
 .text.prvTimerTask
                0x00000000080031d8       0x24 ./Thirdparty/FreeRTOS/timers.o
 .text.prvProcessTimerOrBlockTask
                0x00000000080031fc       0x9c ./Thirdparty/FreeRTOS/timers.o
 .text.prvGetNextExpireTime
                0x0000000008003298       0x48 ./Thirdparty/FreeRTOS/timers.o
 .text.prvSampleTimeNow
                0x00000000080032e0       0x40 ./Thirdparty/FreeRTOS/timers.o
 .text.prvInsertTimerInActiveList
                0x0000000008003320       0x84 ./Thirdparty/FreeRTOS/timers.o
 .text.prvProcessReceivedCommands
                0x00000000080033a4      0x17c ./Thirdparty/FreeRTOS/timers.o
 .text.prvSwitchTimerLists
                0x0000000008003520       0x4c ./Thirdparty/FreeRTOS/timers.o
 .text.prvCheckForValidListAndQueue
                0x000000000800356c       0x6c ./Thirdparty/FreeRTOS/timers.o
 .text.pxPortInitialiseStack
                0x00000000080035d8       0x68 ./Thirdparty/FreeRTOS/portable/GCC/ARM_CM4F/port.o
                0x00000000080035d8                pxPortInitialiseStack
 .text.prvTaskExitError
                0x0000000008003640       0x58 ./Thirdparty/FreeRTOS/portable/GCC/ARM_CM4F/port.o
 *fill*         0x0000000008003698        0x8 
 .text.SVC_Handler
                0x00000000080036a0       0x28 ./Thirdparty/FreeRTOS/portable/GCC/ARM_CM4F/port.o
                0x00000000080036a0                SVC_Handler
 .text.prvPortStartFirstTask
                0x00000000080036c8       0x2c ./Thirdparty/FreeRTOS/portable/GCC/ARM_CM4F/port.o
 .text.xPortStartScheduler
                0x00000000080036f4      0x144 ./Thirdparty/FreeRTOS/portable/GCC/ARM_CM4F/port.o
                0x00000000080036f4                xPortStartScheduler
 .text.vPortEnterCritical
                0x0000000008003838       0x60 ./Thirdparty/FreeRTOS/portable/GCC/ARM_CM4F/port.o
                0x0000000008003838                vPortEnterCritical
 .text.vPortExitCritical
                0x0000000008003898       0x54 ./Thirdparty/FreeRTOS/portable/GCC/ARM_CM4F/port.o
                0x0000000008003898                vPortExitCritical
 *fill*         0x00000000080038ec        0x4 
 .text.PendSV_Handler
                0x00000000080038f0       0x68 ./Thirdparty/FreeRTOS/portable/GCC/ARM_CM4F/port.o
                0x00000000080038f0                PendSV_Handler
 .text.SysTick_Handler
                0x0000000008003958       0x44 ./Thirdparty/FreeRTOS/portable/GCC/ARM_CM4F/port.o
                0x0000000008003958                SysTick_Handler
 .text.vPortSetupTimerInterrupt
                0x000000000800399c       0x48 ./Thirdparty/FreeRTOS/portable/GCC/ARM_CM4F/port.o
                0x000000000800399c                vPortSetupTimerInterrupt
 .text.vPortEnableVFP
                0x00000000080039e4       0x18 ./Thirdparty/FreeRTOS/portable/GCC/ARM_CM4F/port.o
 .text.pvPortMalloc
                0x00000000080039fc      0x174 ./Thirdparty/FreeRTOS/portable/MemMang/heap_4.o
                0x00000000080039fc                pvPortMalloc
 .text.vPortFree
                0x0000000008003b70       0xb8 ./Thirdparty/FreeRTOS/portable/MemMang/heap_4.o
                0x0000000008003b70                vPortFree
 .text.prvHeapInit
                0x0000000008003c28       0xb8 ./Thirdparty/FreeRTOS/portable/MemMang/heap_4.o
 .text.prvInsertBlockIntoFreeList
                0x0000000008003ce0       0xb4 ./Thirdparty/FreeRTOS/portable/MemMang/heap_4.o
 .text.__errno  0x0000000008003d94        0xc c:/st/stm32cubeide_1.11.0/stm32cubeide/plugins/com.st.stm32cube.ide.mcu.externaltools.gnu-tools-for-stm32.10.3-2021.10.win32_1.0.100.202210260954/tools/bin/../lib/gcc/arm-none-eabi/10.3.1/../../../../arm-none-eabi/lib/thumb/v7e-m+fp/hard\libc_nano.a(lib_a-errno.o)
                0x0000000008003d94                __errno
 .text.__libc_init_array
                0x0000000008003da0       0x48 c:/st/stm32cubeide_1.11.0/stm32cubeide/plugins/com.st.stm32cube.ide.mcu.externaltools.gnu-tools-for-stm32.10.3-2021.10.win32_1.0.100.202210260954/tools/bin/../lib/gcc/arm-none-eabi/10.3.1/../../../../arm-none-eabi/lib/thumb/v7e-m+fp/hard\libc_nano.a(lib_a-init.o)
                0x0000000008003da0                __libc_init_array
 .text.memcpy   0x0000000008003de8       0x1c c:/st/stm32cubeide_1.11.0/stm32cubeide/plugins/com.st.stm32cube.ide.mcu.externaltools.gnu-tools-for-stm32.10.3-2021.10.win32_1.0.100.202210260954/tools/bin/../lib/gcc/arm-none-eabi/10.3.1/../../../../arm-none-eabi/lib/thumb/v7e-m+fp/hard\libc_nano.a(lib_a-memcpy-stub.o)
                0x0000000008003de8                memcpy
 .text.memset   0x0000000008003e04       0x10 c:/st/stm32cubeide_1.11.0/stm32cubeide/plugins/com.st.stm32cube.ide.mcu.externaltools.gnu-tools-for-stm32.10.3-2021.10.win32_1.0.100.202210260954/tools/bin/../lib/gcc/arm-none-eabi/10.3.1/../../../../arm-none-eabi/lib/thumb/v7e-m+fp/hard\libc_nano.a(lib_a-memset.o)
                0x0000000008003e04                memset
 .text.__cvt    0x0000000008003e14       0xc4 c:/st/stm32cubeide_1.11.0/stm32cubeide/plugins/com.st.stm32cube.ide.mcu.externaltools.gnu-tools-for-stm32.10.3-2021.10.win32_1.0.100.202210260954/tools/bin/../lib/gcc/arm-none-eabi/10.3.1/../../../../arm-none-eabi/lib/thumb/v7e-m+fp/hard\libc_nano.a(lib_a-nano-vfprintf_float.o)
                0x0000000008003e14                __cvt
 .text.__exponent
                0x0000000008003ed8       0x7c c:/st/stm32cubeide_1.11.0/stm32cubeide/plugins/com.st.stm32cube.ide.mcu.externaltools.gnu-tools-for-stm32.10.3-2021.10.win32_1.0.100.202210260954/tools/bin/../lib/gcc/arm-none-eabi/10.3.1/../../../../arm-none-eabi/lib/thumb/v7e-m+fp/hard\libc_nano.a(lib_a-nano-vfprintf_float.o)
                0x0000000008003ed8                __exponent
 .text._printf_float
                0x0000000008003f54      0x46c c:/st/stm32cubeide_1.11.0/stm32cubeide/plugins/com.st.stm32cube.ide.mcu.externaltools.gnu-tools-for-stm32.10.3-2021.10.win32_1.0.100.202210260954/tools/bin/../lib/gcc/arm-none-eabi/10.3.1/../../../../arm-none-eabi/lib/thumb/v7e-m+fp/hard\libc_nano.a(lib_a-nano-vfprintf_float.o)
                0x0000000008003f54                _printf_float
 .text._printf_common
                0x00000000080043c0       0xda c:/st/stm32cubeide_1.11.0/stm32cubeide/plugins/com.st.stm32cube.ide.mcu.externaltools.gnu-tools-for-stm32.10.3-2021.10.win32_1.0.100.202210260954/tools/bin/../lib/gcc/arm-none-eabi/10.3.1/../../../../arm-none-eabi/lib/thumb/v7e-m+fp/hard\libc_nano.a(lib_a-nano-vfprintf_i.o)
                0x00000000080043c0                _printf_common
 *fill*         0x000000000800449a        0x2 
 .text._printf_i
                0x000000000800449c      0x24c c:/st/stm32cubeide_1.11.0/stm32cubeide/plugins/com.st.stm32cube.ide.mcu.externaltools.gnu-tools-for-stm32.10.3-2021.10.win32_1.0.100.202210260954/tools/bin/../lib/gcc/arm-none-eabi/10.3.1/../../../../arm-none-eabi/lib/thumb/v7e-m+fp/hard\libc_nano.a(lib_a-nano-vfprintf_i.o)
                0x000000000800449c                _printf_i
 .text.sprintf  0x00000000080046e8       0x40 c:/st/stm32cubeide_1.11.0/stm32cubeide/plugins/com.st.stm32cube.ide.mcu.externaltools.gnu-tools-for-stm32.10.3-2021.10.win32_1.0.100.202210260954/tools/bin/../lib/gcc/arm-none-eabi/10.3.1/../../../../arm-none-eabi/lib/thumb/v7e-m+fp/hard\libc_nano.a(lib_a-sprintf.o)
                0x00000000080046e8                siprintf
                0x00000000080046e8                sprintf
 .text.quorem   0x0000000008004728      0x116 c:/st/stm32cubeide_1.11.0/stm32cubeide/plugins/com.st.stm32cube.ide.mcu.externaltools.gnu-tools-for-stm32.10.3-2021.10.win32_1.0.100.202210260954/tools/bin/../lib/gcc/arm-none-eabi/10.3.1/../../../../arm-none-eabi/lib/thumb/v7e-m+fp/hard\libc_nano.a(lib_a-dtoa.o)
 *fill*         0x000000000800483e        0x2 
 .text._dtoa_r  0x0000000008004840      0xbdc c:/st/stm32cubeide_1.11.0/stm32cubeide/plugins/com.st.stm32cube.ide.mcu.externaltools.gnu-tools-for-stm32.10.3-2021.10.win32_1.0.100.202210260954/tools/bin/../lib/gcc/arm-none-eabi/10.3.1/../../../../arm-none-eabi/lib/thumb/v7e-m+fp/hard\libc_nano.a(lib_a-dtoa.o)
                0x0000000008004840                _dtoa_r
 .text._localeconv_r
                0x000000000800541c        0x8 c:/st/stm32cubeide_1.11.0/stm32cubeide/plugins/com.st.stm32cube.ide.mcu.externaltools.gnu-tools-for-stm32.10.3-2021.10.win32_1.0.100.202210260954/tools/bin/../lib/gcc/arm-none-eabi/10.3.1/../../../../arm-none-eabi/lib/thumb/v7e-m+fp/hard\libc_nano.a(lib_a-localeconv.o)
                0x000000000800541c                _localeconv_r
 .text.malloc   0x0000000008005424       0x10 c:/st/stm32cubeide_1.11.0/stm32cubeide/plugins/com.st.stm32cube.ide.mcu.externaltools.gnu-tools-for-stm32.10.3-2021.10.win32_1.0.100.202210260954/tools/bin/../lib/gcc/arm-none-eabi/10.3.1/../../../../arm-none-eabi/lib/thumb/v7e-m+fp/hard\libc_nano.a(lib_a-malloc.o)
                0x0000000008005424                malloc
 .text._Balloc  0x0000000008005434       0x80 c:/st/stm32cubeide_1.11.0/stm32cubeide/plugins/com.st.stm32cube.ide.mcu.externaltools.gnu-tools-for-stm32.10.3-2021.10.win32_1.0.100.202210260954/tools/bin/../lib/gcc/arm-none-eabi/10.3.1/../../../../arm-none-eabi/lib/thumb/v7e-m+fp/hard\libc_nano.a(lib_a-mprec.o)
                0x0000000008005434                _Balloc
 .text._Bfree   0x00000000080054b4       0x44 c:/st/stm32cubeide_1.11.0/stm32cubeide/plugins/com.st.stm32cube.ide.mcu.externaltools.gnu-tools-for-stm32.10.3-2021.10.win32_1.0.100.202210260954/tools/bin/../lib/gcc/arm-none-eabi/10.3.1/../../../../arm-none-eabi/lib/thumb/v7e-m+fp/hard\libc_nano.a(lib_a-mprec.o)
                0x00000000080054b4                _Bfree
 .text.__multadd
                0x00000000080054f8       0x8c c:/st/stm32cubeide_1.11.0/stm32cubeide/plugins/com.st.stm32cube.ide.mcu.externaltools.gnu-tools-for-stm32.10.3-2021.10.win32_1.0.100.202210260954/tools/bin/../lib/gcc/arm-none-eabi/10.3.1/../../../../arm-none-eabi/lib/thumb/v7e-m+fp/hard\libc_nano.a(lib_a-mprec.o)
                0x00000000080054f8                __multadd
 .text.__hi0bits
                0x0000000008005584       0x40 c:/st/stm32cubeide_1.11.0/stm32cubeide/plugins/com.st.stm32cube.ide.mcu.externaltools.gnu-tools-for-stm32.10.3-2021.10.win32_1.0.100.202210260954/tools/bin/../lib/gcc/arm-none-eabi/10.3.1/../../../../arm-none-eabi/lib/thumb/v7e-m+fp/hard\libc_nano.a(lib_a-mprec.o)
                0x0000000008005584                __hi0bits
 .text.__lo0bits
                0x00000000080055c4       0x5e c:/st/stm32cubeide_1.11.0/stm32cubeide/plugins/com.st.stm32cube.ide.mcu.externaltools.gnu-tools-for-stm32.10.3-2021.10.win32_1.0.100.202210260954/tools/bin/../lib/gcc/arm-none-eabi/10.3.1/../../../../arm-none-eabi/lib/thumb/v7e-m+fp/hard\libc_nano.a(lib_a-mprec.o)
                0x00000000080055c4                __lo0bits
 *fill*         0x0000000008005622        0x2 
 .text.__i2b    0x0000000008005624       0x2c c:/st/stm32cubeide_1.11.0/stm32cubeide/plugins/com.st.stm32cube.ide.mcu.externaltools.gnu-tools-for-stm32.10.3-2021.10.win32_1.0.100.202210260954/tools/bin/../lib/gcc/arm-none-eabi/10.3.1/../../../../arm-none-eabi/lib/thumb/v7e-m+fp/hard\libc_nano.a(lib_a-mprec.o)
                0x0000000008005624                __i2b
 .text.__multiply
                0x0000000008005650      0x154 c:/st/stm32cubeide_1.11.0/stm32cubeide/plugins/com.st.stm32cube.ide.mcu.externaltools.gnu-tools-for-stm32.10.3-2021.10.win32_1.0.100.202210260954/tools/bin/../lib/gcc/arm-none-eabi/10.3.1/../../../../arm-none-eabi/lib/thumb/v7e-m+fp/hard\libc_nano.a(lib_a-mprec.o)
                0x0000000008005650                __multiply
 .text.__pow5mult
                0x00000000080057a4       0xb4 c:/st/stm32cubeide_1.11.0/stm32cubeide/plugins/com.st.stm32cube.ide.mcu.externaltools.gnu-tools-for-stm32.10.3-2021.10.win32_1.0.100.202210260954/tools/bin/../lib/gcc/arm-none-eabi/10.3.1/../../../../arm-none-eabi/lib/thumb/v7e-m+fp/hard\libc_nano.a(lib_a-mprec.o)
                0x00000000080057a4                __pow5mult
 .text.__lshift
                0x0000000008005858       0xe0 c:/st/stm32cubeide_1.11.0/stm32cubeide/plugins/com.st.stm32cube.ide.mcu.externaltools.gnu-tools-for-stm32.10.3-2021.10.win32_1.0.100.202210260954/tools/bin/../lib/gcc/arm-none-eabi/10.3.1/../../../../arm-none-eabi/lib/thumb/v7e-m+fp/hard\libc_nano.a(lib_a-mprec.o)
                0x0000000008005858                __lshift
 .text.__mcmp   0x0000000008005938       0x38 c:/st/stm32cubeide_1.11.0/stm32cubeide/plugins/com.st.stm32cube.ide.mcu.externaltools.gnu-tools-for-stm32.10.3-2021.10.win32_1.0.100.202210260954/tools/bin/../lib/gcc/arm-none-eabi/10.3.1/../../../../arm-none-eabi/lib/thumb/v7e-m+fp/hard\libc_nano.a(lib_a-mprec.o)
                0x0000000008005938                __mcmp
 .text.__mdiff  0x0000000008005970      0x114 c:/st/stm32cubeide_1.11.0/stm32cubeide/plugins/com.st.stm32cube.ide.mcu.externaltools.gnu-tools-for-stm32.10.3-2021.10.win32_1.0.100.202210260954/tools/bin/../lib/gcc/arm-none-eabi/10.3.1/../../../../arm-none-eabi/lib/thumb/v7e-m+fp/hard\libc_nano.a(lib_a-mprec.o)
                0x0000000008005970                __mdiff
 .text.__d2b    0x0000000008005a84       0xb8 c:/st/stm32cubeide_1.11.0/stm32cubeide/plugins/com.st.stm32cube.ide.mcu.externaltools.gnu-tools-for-stm32.10.3-2021.10.win32_1.0.100.202210260954/tools/bin/../lib/gcc/arm-none-eabi/10.3.1/../../../../arm-none-eabi/lib/thumb/v7e-m+fp/hard\libc_nano.a(lib_a-mprec.o)
                0x0000000008005a84                __d2b
 .text._calloc_r
                0x0000000008005b3c       0x2c c:/st/stm32cubeide_1.11.0/stm32cubeide/plugins/com.st.stm32cube.ide.mcu.externaltools.gnu-tools-for-stm32.10.3-2021.10.win32_1.0.100.202210260954/tools/bin/../lib/gcc/arm-none-eabi/10.3.1/../../../../arm-none-eabi/lib/thumb/v7e-m+fp/hard\libc_nano.a(lib_a-nano-callocr.o)
                0x0000000008005b3c                _calloc_r
 .text._free_r  0x0000000008005b68       0x98 c:/st/stm32cubeide_1.11.0/stm32cubeide/plugins/com.st.stm32cube.ide.mcu.externaltools.gnu-tools-for-stm32.10.3-2021.10.win32_1.0.100.202210260954/tools/bin/../lib/gcc/arm-none-eabi/10.3.1/../../../../arm-none-eabi/lib/thumb/v7e-m+fp/hard\libc_nano.a(lib_a-nano-freer.o)
                0x0000000008005b68                _free_r
 .text.sbrk_aligned
                0x0000000008005c00       0x40 c:/st/stm32cubeide_1.11.0/stm32cubeide/plugins/com.st.stm32cube.ide.mcu.externaltools.gnu-tools-for-stm32.10.3-2021.10.win32_1.0.100.202210260954/tools/bin/../lib/gcc/arm-none-eabi/10.3.1/../../../../arm-none-eabi/lib/thumb/v7e-m+fp/hard\libc_nano.a(lib_a-nano-mallocr.o)
 .text._malloc_r
                0x0000000008005c40       0xe8 c:/st/stm32cubeide_1.11.0/stm32cubeide/plugins/com.st.stm32cube.ide.mcu.externaltools.gnu-tools-for-stm32.10.3-2021.10.win32_1.0.100.202210260954/tools/bin/../lib/gcc/arm-none-eabi/10.3.1/../../../../arm-none-eabi/lib/thumb/v7e-m+fp/hard\libc_nano.a(lib_a-nano-mallocr.o)
                0x0000000008005c40                _malloc_r
 .text.__ssputs_r
                0x0000000008005d28       0xb6 c:/st/stm32cubeide_1.11.0/stm32cubeide/plugins/com.st.stm32cube.ide.mcu.externaltools.gnu-tools-for-stm32.10.3-2021.10.win32_1.0.100.202210260954/tools/bin/../lib/gcc/arm-none-eabi/10.3.1/../../../../arm-none-eabi/lib/thumb/v7e-m+fp/hard\libc_nano.a(lib_a-nano-svfprintf.o)
                0x0000000008005d28                __ssputs_r
 *fill*         0x0000000008005dde        0x2 
 .text._svfprintf_r
                0x0000000008005de0      0x200 c:/st/stm32cubeide_1.11.0/stm32cubeide/plugins/com.st.stm32cube.ide.mcu.externaltools.gnu-tools-for-stm32.10.3-2021.10.win32_1.0.100.202210260954/tools/bin/../lib/gcc/arm-none-eabi/10.3.1/../../../../arm-none-eabi/lib/thumb/v7e-m+fp/hard\libc_nano.a(lib_a-nano-svfprintf.o)
                0x0000000008005de0                _svfiprintf_r
                0x0000000008005de0                _svfprintf_r
 .text._sbrk_r  0x0000000008005fe0       0x20 c:/st/stm32cubeide_1.11.0/stm32cubeide/plugins/com.st.stm32cube.ide.mcu.externaltools.gnu-tools-for-stm32.10.3-2021.10.win32_1.0.100.202210260954/tools/bin/../lib/gcc/arm-none-eabi/10.3.1/../../../../arm-none-eabi/lib/thumb/v7e-m+fp/hard\libc_nano.a(lib_a-sbrkr.o)
                0x0000000008005fe0                _sbrk_r
 .text.__assert_func
                0x0000000008006000       0x3c c:/st/stm32cubeide_1.11.0/stm32cubeide/plugins/com.st.stm32cube.ide.mcu.externaltools.gnu-tools-for-stm32.10.3-2021.10.win32_1.0.100.202210260954/tools/bin/../lib/gcc/arm-none-eabi/10.3.1/../../../../arm-none-eabi/lib/thumb/v7e-m+fp/hard\libc_nano.a(lib_a-assert.o)
                0x0000000008006000                __assert_func
 .text.fprintf  0x000000000800603c       0x24 c:/st/stm32cubeide_1.11.0/stm32cubeide/plugins/com.st.stm32cube.ide.mcu.externaltools.gnu-tools-for-stm32.10.3-2021.10.win32_1.0.100.202210260954/tools/bin/../lib/gcc/arm-none-eabi/10.3.1/../../../../arm-none-eabi/lib/thumb/v7e-m+fp/hard\libc_nano.a(lib_a-fprintf.o)
                0x000000000800603c                fiprintf
                0x000000000800603c                fprintf
 .text.__ascii_mbtowc
                0x0000000008006060       0x24 c:/st/stm32cubeide_1.11.0/stm32cubeide/plugins/com.st.stm32cube.ide.mcu.externaltools.gnu-tools-for-stm32.10.3-2021.10.win32_1.0.100.202210260954/tools/bin/../lib/gcc/arm-none-eabi/10.3.1/../../../../arm-none-eabi/lib/thumb/v7e-m+fp/hard\libc_nano.a(lib_a-mbtowc_r.o)
                0x0000000008006060                __ascii_mbtowc
 .text.memmove  0x0000000008006084       0x34 c:/st/stm32cubeide_1.11.0/stm32cubeide/plugins/com.st.stm32cube.ide.mcu.externaltools.gnu-tools-for-stm32.10.3-2021.10.win32_1.0.100.202210260954/tools/bin/../lib/gcc/arm-none-eabi/10.3.1/../../../../arm-none-eabi/lib/thumb/v7e-m+fp/hard\libc_nano.a(lib_a-memmove.o)
                0x0000000008006084                memmove
 .text.__malloc_lock
                0x00000000080060b8        0xc c:/st/stm32cubeide_1.11.0/stm32cubeide/plugins/com.st.stm32cube.ide.mcu.externaltools.gnu-tools-for-stm32.10.3-2021.10.win32_1.0.100.202210260954/tools/bin/../lib/gcc/arm-none-eabi/10.3.1/../../../../arm-none-eabi/lib/thumb/v7e-m+fp/hard\libc_nano.a(lib_a-mlock.o)
                0x00000000080060b8                __malloc_lock
 .text.__malloc_unlock
                0x00000000080060c4        0xc c:/st/stm32cubeide_1.11.0/stm32cubeide/plugins/com.st.stm32cube.ide.mcu.externaltools.gnu-tools-for-stm32.10.3-2021.10.win32_1.0.100.202210260954/tools/bin/../lib/gcc/arm-none-eabi/10.3.1/../../../../arm-none-eabi/lib/thumb/v7e-m+fp/hard\libc_nano.a(lib_a-mlock.o)
                0x00000000080060c4                __malloc_unlock
 .text._realloc_r
                0x00000000080060d0       0x5e c:/st/stm32cubeide_1.11.0/stm32cubeide/plugins/com.st.stm32cube.ide.mcu.externaltools.gnu-tools-for-stm32.10.3-2021.10.win32_1.0.100.202210260954/tools/bin/../lib/gcc/arm-none-eabi/10.3.1/../../../../arm-none-eabi/lib/thumb/v7e-m+fp/hard\libc_nano.a(lib_a-nano-reallocr.o)
                0x00000000080060d0                _realloc_r
 .text.__sfputc_r
                0x000000000800612e       0x2e c:/st/stm32cubeide_1.11.0/stm32cubeide/plugins/com.st.stm32cube.ide.mcu.externaltools.gnu-tools-for-stm32.10.3-2021.10.win32_1.0.100.202210260954/tools/bin/../lib/gcc/arm-none-eabi/10.3.1/../../../../arm-none-eabi/lib/thumb/v7e-m+fp/hard\libc_nano.a(lib_a-nano-vfprintf.o)
 .text.__sfputs_r
                0x000000000800615c       0x24 c:/st/stm32cubeide_1.11.0/stm32cubeide/plugins/com.st.stm32cube.ide.mcu.externaltools.gnu-tools-for-stm32.10.3-2021.10.win32_1.0.100.202210260954/tools/bin/../lib/gcc/arm-none-eabi/10.3.1/../../../../arm-none-eabi/lib/thumb/v7e-m+fp/hard\libc_nano.a(lib_a-nano-vfprintf.o)
                0x000000000800615c                __sfputs_r
 .text._vfprintf_r
                0x0000000008006180      0x260 c:/st/stm32cubeide_1.11.0/stm32cubeide/plugins/com.st.stm32cube.ide.mcu.externaltools.gnu-tools-for-stm32.10.3-2021.10.win32_1.0.100.202210260954/tools/bin/../lib/gcc/arm-none-eabi/10.3.1/../../../../arm-none-eabi/lib/thumb/v7e-m+fp/hard\libc_nano.a(lib_a-nano-vfprintf.o)
                0x0000000008006180                _vfprintf_r
                0x0000000008006180                _vfiprintf_r
 .text.__swbuf_r
                0x00000000080063e0       0xa4 c:/st/stm32cubeide_1.11.0/stm32cubeide/plugins/com.st.stm32cube.ide.mcu.externaltools.gnu-tools-for-stm32.10.3-2021.10.win32_1.0.100.202210260954/tools/bin/../lib/gcc/arm-none-eabi/10.3.1/../../../../arm-none-eabi/lib/thumb/v7e-m+fp/hard\libc_nano.a(lib_a-wbuf.o)
                0x00000000080063e0                __swbuf_r
 .text.__ascii_wctomb
                0x0000000008006484       0x1a c:/st/stm32cubeide_1.11.0/stm32cubeide/plugins/com.st.stm32cube.ide.mcu.externaltools.gnu-tools-for-stm32.10.3-2021.10.win32_1.0.100.202210260954/tools/bin/../lib/gcc/arm-none-eabi/10.3.1/../../../../arm-none-eabi/lib/thumb/v7e-m+fp/hard\libc_nano.a(lib_a-wctomb_r.o)
                0x0000000008006484                __ascii_wctomb
 *fill*         0x000000000800649e        0x2 
 .text.__swsetup_r
                0x00000000080064a0       0xdc c:/st/stm32cubeide_1.11.0/stm32cubeide/plugins/com.st.stm32cube.ide.mcu.externaltools.gnu-tools-for-stm32.10.3-2021.10.win32_1.0.100.202210260954/tools/bin/../lib/gcc/arm-none-eabi/10.3.1/../../../../arm-none-eabi/lib/thumb/v7e-m+fp/hard\libc_nano.a(lib_a-wsetup.o)
                0x00000000080064a0                __swsetup_r
 .text.abort    0x000000000800657c        0xe c:/st/stm32cubeide_1.11.0/stm32cubeide/plugins/com.st.stm32cube.ide.mcu.externaltools.gnu-tools-for-stm32.10.3-2021.10.win32_1.0.100.202210260954/tools/bin/../lib/gcc/arm-none-eabi/10.3.1/../../../../arm-none-eabi/lib/thumb/v7e-m+fp/hard\libc_nano.a(lib_a-abort.o)
                0x000000000800657c                abort
 *fill*         0x000000000800658a        0x2 
 .text.__sflush_r
                0x000000000800658c      0x10c c:/st/stm32cubeide_1.11.0/stm32cubeide/plugins/com.st.stm32cube.ide.mcu.externaltools.gnu-tools-for-stm32.10.3-2021.10.win32_1.0.100.202210260954/tools/bin/../lib/gcc/arm-none-eabi/10.3.1/../../../../arm-none-eabi/lib/thumb/v7e-m+fp/hard\libc_nano.a(lib_a-fflush.o)
                0x000000000800658c                __sflush_r
 .text._fflush_r
                0x0000000008006698       0x78 c:/st/stm32cubeide_1.11.0/stm32cubeide/plugins/com.st.stm32cube.ide.mcu.externaltools.gnu-tools-for-stm32.10.3-2021.10.win32_1.0.100.202210260954/tools/bin/../lib/gcc/arm-none-eabi/10.3.1/../../../../arm-none-eabi/lib/thumb/v7e-m+fp/hard\libc_nano.a(lib_a-fflush.o)
                0x0000000008006698                _fflush_r
 .text.std      0x0000000008006710       0x48 c:/st/stm32cubeide_1.11.0/stm32cubeide/plugins/com.st.stm32cube.ide.mcu.externaltools.gnu-tools-for-stm32.10.3-2021.10.win32_1.0.100.202210260954/tools/bin/../lib/gcc/arm-none-eabi/10.3.1/../../../../arm-none-eabi/lib/thumb/v7e-m+fp/hard\libc_nano.a(lib_a-findfp.o)
 .text._cleanup_r
                0x0000000008006758        0xc c:/st/stm32cubeide_1.11.0/stm32cubeide/plugins/com.st.stm32cube.ide.mcu.externaltools.gnu-tools-for-stm32.10.3-2021.10.win32_1.0.100.202210260954/tools/bin/../lib/gcc/arm-none-eabi/10.3.1/../../../../arm-none-eabi/lib/thumb/v7e-m+fp/hard\libc_nano.a(lib_a-findfp.o)
                0x0000000008006758                _cleanup_r
 .text.__sfmoreglue
                0x0000000008006764       0x2c c:/st/stm32cubeide_1.11.0/stm32cubeide/plugins/com.st.stm32cube.ide.mcu.externaltools.gnu-tools-for-stm32.10.3-2021.10.win32_1.0.100.202210260954/tools/bin/../lib/gcc/arm-none-eabi/10.3.1/../../../../arm-none-eabi/lib/thumb/v7e-m+fp/hard\libc_nano.a(lib_a-findfp.o)
                0x0000000008006764                __sfmoreglue
 .text.__sfp_lock_acquire
                0x0000000008006790        0xc c:/st/stm32cubeide_1.11.0/stm32cubeide/plugins/com.st.stm32cube.ide.mcu.externaltools.gnu-tools-for-stm32.10.3-2021.10.win32_1.0.100.202210260954/tools/bin/../lib/gcc/arm-none-eabi/10.3.1/../../../../arm-none-eabi/lib/thumb/v7e-m+fp/hard\libc_nano.a(lib_a-findfp.o)
                0x0000000008006790                __sfp_lock_acquire
 .text.__sfp_lock_release
                0x000000000800679c        0xc c:/st/stm32cubeide_1.11.0/stm32cubeide/plugins/com.st.stm32cube.ide.mcu.externaltools.gnu-tools-for-stm32.10.3-2021.10.win32_1.0.100.202210260954/tools/bin/../lib/gcc/arm-none-eabi/10.3.1/../../../../arm-none-eabi/lib/thumb/v7e-m+fp/hard\libc_nano.a(lib_a-findfp.o)
                0x000000000800679c                __sfp_lock_release
 .text.__sinit_lock_acquire
                0x00000000080067a8        0xc c:/st/stm32cubeide_1.11.0/stm32cubeide/plugins/com.st.stm32cube.ide.mcu.externaltools.gnu-tools-for-stm32.10.3-2021.10.win32_1.0.100.202210260954/tools/bin/../lib/gcc/arm-none-eabi/10.3.1/../../../../arm-none-eabi/lib/thumb/v7e-m+fp/hard\libc_nano.a(lib_a-findfp.o)
                0x00000000080067a8                __sinit_lock_acquire
 .text.__sinit_lock_release
                0x00000000080067b4        0xc c:/st/stm32cubeide_1.11.0/stm32cubeide/plugins/com.st.stm32cube.ide.mcu.externaltools.gnu-tools-for-stm32.10.3-2021.10.win32_1.0.100.202210260954/tools/bin/../lib/gcc/arm-none-eabi/10.3.1/../../../../arm-none-eabi/lib/thumb/v7e-m+fp/hard\libc_nano.a(lib_a-findfp.o)
                0x00000000080067b4                __sinit_lock_release
 .text.__sinit  0x00000000080067c0       0x70 c:/st/stm32cubeide_1.11.0/stm32cubeide/plugins/com.st.stm32cube.ide.mcu.externaltools.gnu-tools-for-stm32.10.3-2021.10.win32_1.0.100.202210260954/tools/bin/../lib/gcc/arm-none-eabi/10.3.1/../../../../arm-none-eabi/lib/thumb/v7e-m+fp/hard\libc_nano.a(lib_a-findfp.o)
                0x00000000080067c0                __sinit
 .text.__sfp    0x0000000008006830       0x8c c:/st/stm32cubeide_1.11.0/stm32cubeide/plugins/com.st.stm32cube.ide.mcu.externaltools.gnu-tools-for-stm32.10.3-2021.10.win32_1.0.100.202210260954/tools/bin/../lib/gcc/arm-none-eabi/10.3.1/../../../../arm-none-eabi/lib/thumb/v7e-m+fp/hard\libc_nano.a(lib_a-findfp.o)
                0x0000000008006830                __sfp
 .text._fwalk_reent
                0x00000000080068bc       0x3e c:/st/stm32cubeide_1.11.0/stm32cubeide/plugins/com.st.stm32cube.ide.mcu.externaltools.gnu-tools-for-stm32.10.3-2021.10.win32_1.0.100.202210260954/tools/bin/../lib/gcc/arm-none-eabi/10.3.1/../../../../arm-none-eabi/lib/thumb/v7e-m+fp/hard\libc_nano.a(lib_a-fwalk.o)
                0x00000000080068bc                _fwalk_reent
 .text.__retarget_lock_init_recursive
                0x00000000080068fa        0x2 c:/st/stm32cubeide_1.11.0/stm32cubeide/plugins/com.st.stm32cube.ide.mcu.externaltools.gnu-tools-for-stm32.10.3-2021.10.win32_1.0.100.202210260954/tools/bin/../lib/gcc/arm-none-eabi/10.3.1/../../../../arm-none-eabi/lib/thumb/v7e-m+fp/hard\libc_nano.a(lib_a-lock.o)
                0x00000000080068fa                __retarget_lock_init_recursive
 .text.__retarget_lock_acquire_recursive
                0x00000000080068fc        0x2 c:/st/stm32cubeide_1.11.0/stm32cubeide/plugins/com.st.stm32cube.ide.mcu.externaltools.gnu-tools-for-stm32.10.3-2021.10.win32_1.0.100.202210260954/tools/bin/../lib/gcc/arm-none-eabi/10.3.1/../../../../arm-none-eabi/lib/thumb/v7e-m+fp/hard\libc_nano.a(lib_a-lock.o)
                0x00000000080068fc                __retarget_lock_acquire_recursive
 .text.__retarget_lock_release_recursive
                0x00000000080068fe        0x2 c:/st/stm32cubeide_1.11.0/stm32cubeide/plugins/com.st.stm32cube.ide.mcu.externaltools.gnu-tools-for-stm32.10.3-2021.10.win32_1.0.100.202210260954/tools/bin/../lib/gcc/arm-none-eabi/10.3.1/../../../../arm-none-eabi/lib/thumb/v7e-m+fp/hard\libc_nano.a(lib_a-lock.o)
                0x00000000080068fe                __retarget_lock_release_recursive
 .text.__swhatbuf_r
                0x0000000008006900       0x4a c:/st/stm32cubeide_1.11.0/stm32cubeide/plugins/com.st.stm32cube.ide.mcu.externaltools.gnu-tools-for-stm32.10.3-2021.10.win32_1.0.100.202210260954/tools/bin/../lib/gcc/arm-none-eabi/10.3.1/../../../../arm-none-eabi/lib/thumb/v7e-m+fp/hard\libc_nano.a(lib_a-makebuf.o)
                0x0000000008006900                __swhatbuf_r
 *fill*         0x000000000800694a        0x2 
 .text.__smakebuf_r
                0x000000000800694c       0x80 c:/st/stm32cubeide_1.11.0/stm32cubeide/plugins/com.st.stm32cube.ide.mcu.externaltools.gnu-tools-for-stm32.10.3-2021.10.win32_1.0.100.202210260954/tools/bin/../lib/gcc/arm-none-eabi/10.3.1/../../../../arm-none-eabi/lib/thumb/v7e-m+fp/hard\libc_nano.a(lib_a-makebuf.o)
                0x000000000800694c                __smakebuf_r
 .text._malloc_usable_size_r
                0x00000000080069cc       0x10 c:/st/stm32cubeide_1.11.0/stm32cubeide/plugins/com.st.stm32cube.ide.mcu.externaltools.gnu-tools-for-stm32.10.3-2021.10.win32_1.0.100.202210260954/tools/bin/../lib/gcc/arm-none-eabi/10.3.1/../../../../arm-none-eabi/lib/thumb/v7e-m+fp/hard\libc_nano.a(lib_a-nano-msizer.o)
                0x00000000080069cc                _malloc_usable_size_r
 .text._raise_r
                0x00000000080069dc       0x50 c:/st/stm32cubeide_1.11.0/stm32cubeide/plugins/com.st.stm32cube.ide.mcu.externaltools.gnu-tools-for-stm32.10.3-2021.10.win32_1.0.100.202210260954/tools/bin/../lib/gcc/arm-none-eabi/10.3.1/../../../../arm-none-eabi/lib/thumb/v7e-m+fp/hard\libc_nano.a(lib_a-signal.o)
                0x00000000080069dc                _raise_r
 .text.raise    0x0000000008006a2c       0x10 c:/st/stm32cubeide_1.11.0/stm32cubeide/plugins/com.st.stm32cube.ide.mcu.externaltools.gnu-tools-for-stm32.10.3-2021.10.win32_1.0.100.202210260954/tools/bin/../lib/gcc/arm-none-eabi/10.3.1/../../../../arm-none-eabi/lib/thumb/v7e-m+fp/hard\libc_nano.a(lib_a-signal.o)
                0x0000000008006a2c                raise
 .text._kill_r  0x0000000008006a3c       0x24 c:/st/stm32cubeide_1.11.0/stm32cubeide/plugins/com.st.stm32cube.ide.mcu.externaltools.gnu-tools-for-stm32.10.3-2021.10.win32_1.0.100.202210260954/tools/bin/../lib/gcc/arm-none-eabi/10.3.1/../../../../arm-none-eabi/lib/thumb/v7e-m+fp/hard\libc_nano.a(lib_a-signalr.o)
                0x0000000008006a3c                _kill_r
 .text._getpid_r
                0x0000000008006a60        0x4 c:/st/stm32cubeide_1.11.0/stm32cubeide/plugins/com.st.stm32cube.ide.mcu.externaltools.gnu-tools-for-stm32.10.3-2021.10.win32_1.0.100.202210260954/tools/bin/../lib/gcc/arm-none-eabi/10.3.1/../../../../arm-none-eabi/lib/thumb/v7e-m+fp/hard\libc_nano.a(lib_a-signalr.o)
                0x0000000008006a60                _getpid_r
 .text.__sread  0x0000000008006a64       0x22 c:/st/stm32cubeide_1.11.0/stm32cubeide/plugins/com.st.stm32cube.ide.mcu.externaltools.gnu-tools-for-stm32.10.3-2021.10.win32_1.0.100.202210260954/tools/bin/../lib/gcc/arm-none-eabi/10.3.1/../../../../arm-none-eabi/lib/thumb/v7e-m+fp/hard\libc_nano.a(lib_a-stdio.o)
                0x0000000008006a64                __sread
 .text.__swrite
                0x0000000008006a86       0x38 c:/st/stm32cubeide_1.11.0/stm32cubeide/plugins/com.st.stm32cube.ide.mcu.externaltools.gnu-tools-for-stm32.10.3-2021.10.win32_1.0.100.202210260954/tools/bin/../lib/gcc/arm-none-eabi/10.3.1/../../../../arm-none-eabi/lib/thumb/v7e-m+fp/hard\libc_nano.a(lib_a-stdio.o)
                0x0000000008006a86                __swrite
 .text.__sseek  0x0000000008006abe       0x24 c:/st/stm32cubeide_1.11.0/stm32cubeide/plugins/com.st.stm32cube.ide.mcu.externaltools.gnu-tools-for-stm32.10.3-2021.10.win32_1.0.100.202210260954/tools/bin/../lib/gcc/arm-none-eabi/10.3.1/../../../../arm-none-eabi/lib/thumb/v7e-m+fp/hard\libc_nano.a(lib_a-stdio.o)
                0x0000000008006abe                __sseek
 .text.__sclose
                0x0000000008006ae2        0x8 c:/st/stm32cubeide_1.11.0/stm32cubeide/plugins/com.st.stm32cube.ide.mcu.externaltools.gnu-tools-for-stm32.10.3-2021.10.win32_1.0.100.202210260954/tools/bin/../lib/gcc/arm-none-eabi/10.3.1/../../../../arm-none-eabi/lib/thumb/v7e-m+fp/hard\libc_nano.a(lib_a-stdio.o)
                0x0000000008006ae2                __sclose
 *fill*         0x0000000008006aea        0x2 
 .text._write_r
                0x0000000008006aec       0x24 c:/st/stm32cubeide_1.11.0/stm32cubeide/plugins/com.st.stm32cube.ide.mcu.externaltools.gnu-tools-for-stm32.10.3-2021.10.win32_1.0.100.202210260954/tools/bin/../lib/gcc/arm-none-eabi/10.3.1/../../../../arm-none-eabi/lib/thumb/v7e-m+fp/hard\libc_nano.a(lib_a-writer.o)
                0x0000000008006aec                _write_r
 .text._close_r
                0x0000000008006b10       0x20 c:/st/stm32cubeide_1.11.0/stm32cubeide/plugins/com.st.stm32cube.ide.mcu.externaltools.gnu-tools-for-stm32.10.3-2021.10.win32_1.0.100.202210260954/tools/bin/../lib/gcc/arm-none-eabi/10.3.1/../../../../arm-none-eabi/lib/thumb/v7e-m+fp/hard\libc_nano.a(lib_a-closer.o)
                0x0000000008006b10                _close_r
 .text._fstat_r
                0x0000000008006b30       0x24 c:/st/stm32cubeide_1.11.0/stm32cubeide/plugins/com.st.stm32cube.ide.mcu.externaltools.gnu-tools-for-stm32.10.3-2021.10.win32_1.0.100.202210260954/tools/bin/../lib/gcc/arm-none-eabi/10.3.1/../../../../arm-none-eabi/lib/thumb/v7e-m+fp/hard\libc_nano.a(lib_a-fstatr.o)
                0x0000000008006b30                _fstat_r
 .text._isatty_r
                0x0000000008006b54       0x20 c:/st/stm32cubeide_1.11.0/stm32cubeide/plugins/com.st.stm32cube.ide.mcu.externaltools.gnu-tools-for-stm32.10.3-2021.10.win32_1.0.100.202210260954/tools/bin/../lib/gcc/arm-none-eabi/10.3.1/../../../../arm-none-eabi/lib/thumb/v7e-m+fp/hard\libc_nano.a(lib_a-isattyr.o)
                0x0000000008006b54                _isatty_r
 .text._lseek_r
                0x0000000008006b74       0x24 c:/st/stm32cubeide_1.11.0/stm32cubeide/plugins/com.st.stm32cube.ide.mcu.externaltools.gnu-tools-for-stm32.10.3-2021.10.win32_1.0.100.202210260954/tools/bin/../lib/gcc/arm-none-eabi/10.3.1/../../../../arm-none-eabi/lib/thumb/v7e-m+fp/hard\libc_nano.a(lib_a-lseekr.o)
                0x0000000008006b74                _lseek_r
 .text._read_r  0x0000000008006b98       0x24 c:/st/stm32cubeide_1.11.0/stm32cubeide/plugins/com.st.stm32cube.ide.mcu.externaltools.gnu-tools-for-stm32.10.3-2021.10.win32_1.0.100.202210260954/tools/bin/../lib/gcc/arm-none-eabi/10.3.1/../../../../arm-none-eabi/lib/thumb/v7e-m+fp/hard\libc_nano.a(lib_a-readr.o)
                0x0000000008006b98                _read_r
 .text._sbrk    0x0000000008006bbc       0x1c c:/st/stm32cubeide_1.11.0/stm32cubeide/plugins/com.st.stm32cube.ide.mcu.externaltools.gnu-tools-for-stm32.10.3-2021.10.win32_1.0.100.202210260954/tools/bin/../lib/gcc/arm-none-eabi/10.3.1/../../../../arm-none-eabi/lib/thumb/v7e-m+fp/hard\libnosys.a(sbrk.o)
                0x0000000008006bbc                _sbrk
 *(.glue_7)
 .glue_7        0x0000000008006bd8        0x0 linker stubs
 *(.glue_7t)
 .glue_7t       0x0000000008006bd8        0x0 linker stubs
 *(.eh_frame)
 .eh_frame      0x0000000008006bd8        0x0 c:/st/stm32cubeide_1.11.0/stm32cubeide/plugins/com.st.stm32cube.ide.mcu.externaltools.gnu-tools-for-stm32.10.3-2021.10.win32_1.0.100.202210260954/tools/bin/../lib/gcc/arm-none-eabi/10.3.1/thumb/v7e-m+fp/hard/crtbegin.o
 *(.init)
 .init          0x0000000008006bd8        0x4 c:/st/stm32cubeide_1.11.0/stm32cubeide/plugins/com.st.stm32cube.ide.mcu.externaltools.gnu-tools-for-stm32.10.3-2021.10.win32_1.0.100.202210260954/tools/bin/../lib/gcc/arm-none-eabi/10.3.1/thumb/v7e-m+fp/hard/crti.o
                0x0000000008006bd8                _init
 .init          0x0000000008006bdc        0x8 c:/st/stm32cubeide_1.11.0/stm32cubeide/plugins/com.st.stm32cube.ide.mcu.externaltools.gnu-tools-for-stm32.10.3-2021.10.win32_1.0.100.202210260954/tools/bin/../lib/gcc/arm-none-eabi/10.3.1/thumb/v7e-m+fp/hard/crtn.o
 *(.fini)
 .fini          0x0000000008006be4        0x4 c:/st/stm32cubeide_1.11.0/stm32cubeide/plugins/com.st.stm32cube.ide.mcu.externaltools.gnu-tools-for-stm32.10.3-2021.10.win32_1.0.100.202210260954/tools/bin/../lib/gcc/arm-none-eabi/10.3.1/thumb/v7e-m+fp/hard/crti.o
                0x0000000008006be4                _fini
 .fini          0x0000000008006be8        0x8 c:/st/stm32cubeide_1.11.0/stm32cubeide/plugins/com.st.stm32cube.ide.mcu.externaltools.gnu-tools-for-stm32.10.3-2021.10.win32_1.0.100.202210260954/tools/bin/../lib/gcc/arm-none-eabi/10.3.1/thumb/v7e-m+fp/hard/crtn.o
                0x0000000008006bf0                . = ALIGN (0x4)
                0x0000000008006bf0                _etext = .

.vfp11_veneer   0x0000000008006bf0        0x0
 .vfp11_veneer  0x0000000008006bf0        0x0 linker stubs

.v4_bx          0x0000000008006bf0        0x0
 .v4_bx         0x0000000008006bf0        0x0 linker stubs

.iplt           0x0000000008006bf0        0x0
 .iplt          0x0000000008006bf0        0x0 c:/st/stm32cubeide_1.11.0/stm32cubeide/plugins/com.st.stm32cube.ide.mcu.externaltools.gnu-tools-for-stm32.10.3-2021.10.win32_1.0.100.202210260954/tools/bin/../lib/gcc/arm-none-eabi/10.3.1/thumb/v7e-m+fp/hard/crtbegin.o

.rodata         0x0000000008006bf0      0x43c
                0x0000000008006bf0                . = ALIGN (0x4)
 *(.rodata)
 .rodata        0x0000000008006bf0       0x46 ./Core/Src/main.o
 *fill*         0x0000000008006c36        0x2 
 .rodata        0x0000000008006c38        0x5 ./Thirdparty/FreeRTOS/tasks.o
 *fill*         0x0000000008006c3d        0x3 
 .rodata        0x0000000008006c40        0xd ./Thirdparty/FreeRTOS/timers.o
 *(.rodata*)
 *fill*         0x0000000008006c4d        0x3 
 .rodata._global_impure_ptr
                0x0000000008006c50        0x4 c:/st/stm32cubeide_1.11.0/stm32cubeide/plugins/com.st.stm32cube.ide.mcu.externaltools.gnu-tools-for-stm32.10.3-2021.10.win32_1.0.100.202210260954/tools/bin/../lib/gcc/arm-none-eabi/10.3.1/../../../../arm-none-eabi/lib/thumb/v7e-m+fp/hard\libc_nano.a(lib_a-impure.o)
                0x0000000008006c50                _global_impure_ptr
 .rodata._printf_float.str1.1
                0x0000000008006c54       0x12 c:/st/stm32cubeide_1.11.0/stm32cubeide/plugins/com.st.stm32cube.ide.mcu.externaltools.gnu-tools-for-stm32.10.3-2021.10.win32_1.0.100.202210260954/tools/bin/../lib/gcc/arm-none-eabi/10.3.1/../../../../arm-none-eabi/lib/thumb/v7e-m+fp/hard\libc_nano.a(lib_a-nano-vfprintf_float.o)
 .rodata._printf_i.str1.1
                0x0000000008006c66       0x22 c:/st/stm32cubeide_1.11.0/stm32cubeide/plugins/com.st.stm32cube.ide.mcu.externaltools.gnu-tools-for-stm32.10.3-2021.10.win32_1.0.100.202210260954/tools/bin/../lib/gcc/arm-none-eabi/10.3.1/../../../../arm-none-eabi/lib/thumb/v7e-m+fp/hard\libc_nano.a(lib_a-nano-vfprintf_i.o)
 .rodata._dtoa_r.str1.1
                0x0000000008006c88       0x90 c:/st/stm32cubeide_1.11.0/stm32cubeide/plugins/com.st.stm32cube.ide.mcu.externaltools.gnu-tools-for-stm32.10.3-2021.10.win32_1.0.100.202210260954/tools/bin/../lib/gcc/arm-none-eabi/10.3.1/../../../../arm-none-eabi/lib/thumb/v7e-m+fp/hard\libc_nano.a(lib_a-dtoa.o)
                                         0x92 (size before relaxing)
 .rodata._Balloc.str1.1
                0x0000000008006d18       0x5c c:/st/stm32cubeide_1.11.0/stm32cubeide/plugins/com.st.stm32cube.ide.mcu.externaltools.gnu-tools-for-stm32.10.3-2021.10.win32_1.0.100.202210260954/tools/bin/../lib/gcc/arm-none-eabi/10.3.1/../../../../arm-none-eabi/lib/thumb/v7e-m+fp/hard\libc_nano.a(lib_a-mprec.o)
                                         0x73 (size before relaxing)
 .rodata.__multadd.str1.1
                0x0000000008006d74       0x11 c:/st/stm32cubeide_1.11.0/stm32cubeide/plugins/com.st.stm32cube.ide.mcu.externaltools.gnu-tools-for-stm32.10.3-2021.10.win32_1.0.100.202210260954/tools/bin/../lib/gcc/arm-none-eabi/10.3.1/../../../../arm-none-eabi/lib/thumb/v7e-m+fp/hard\libc_nano.a(lib_a-mprec.o)
 *fill*         0x0000000008006d74        0x4 
 .rodata.__mprec_bigtens
                0x0000000008006d78       0x28 c:/st/stm32cubeide_1.11.0/stm32cubeide/plugins/com.st.stm32cube.ide.mcu.externaltools.gnu-tools-for-stm32.10.3-2021.10.win32_1.0.100.202210260954/tools/bin/../lib/gcc/arm-none-eabi/10.3.1/../../../../arm-none-eabi/lib/thumb/v7e-m+fp/hard\libc_nano.a(lib_a-mprec.o)
                0x0000000008006d78                __mprec_bigtens
 .rodata.__mprec_tens
                0x0000000008006da0       0xc8 c:/st/stm32cubeide_1.11.0/stm32cubeide/plugins/com.st.stm32cube.ide.mcu.externaltools.gnu-tools-for-stm32.10.3-2021.10.win32_1.0.100.202210260954/tools/bin/../lib/gcc/arm-none-eabi/10.3.1/../../../../arm-none-eabi/lib/thumb/v7e-m+fp/hard\libc_nano.a(lib_a-mprec.o)
                0x0000000008006da0                __mprec_tens
 .rodata.p05.0  0x0000000008006e68        0xc c:/st/stm32cubeide_1.11.0/stm32cubeide/plugins/com.st.stm32cube.ide.mcu.externaltools.gnu-tools-for-stm32.10.3-2021.10.win32_1.0.100.202210260954/tools/bin/../lib/gcc/arm-none-eabi/10.3.1/../../../../arm-none-eabi/lib/thumb/v7e-m+fp/hard\libc_nano.a(lib_a-mprec.o)
 .rodata._svfprintf_r.str1.1
                0x0000000008006e74       0x11 c:/st/stm32cubeide_1.11.0/stm32cubeide/plugins/com.st.stm32cube.ide.mcu.externaltools.gnu-tools-for-stm32.10.3-2021.10.win32_1.0.100.202210260954/tools/bin/../lib/gcc/arm-none-eabi/10.3.1/../../../../arm-none-eabi/lib/thumb/v7e-m+fp/hard\libc_nano.a(lib_a-nano-svfprintf.o)
 .rodata.__assert_func.str1.1
                0x0000000008006e85       0x3c c:/st/stm32cubeide_1.11.0/stm32cubeide/plugins/com.st.stm32cube.ide.mcu.externaltools.gnu-tools-for-stm32.10.3-2021.10.win32_1.0.100.202210260954/tools/bin/../lib/gcc/arm-none-eabi/10.3.1/../../../../arm-none-eabi/lib/thumb/v7e-m+fp/hard\libc_nano.a(lib_a-assert.o)
                                         0x3d (size before relaxing)
 .rodata._setlocale_r.str1.1
                0x0000000008006ec1        0x8 c:/st/stm32cubeide_1.11.0/stm32cubeide/plugins/com.st.stm32cube.ide.mcu.externaltools.gnu-tools-for-stm32.10.3-2021.10.win32_1.0.100.202210260954/tools/bin/../lib/gcc/arm-none-eabi/10.3.1/../../../../arm-none-eabi/lib/thumb/v7e-m+fp/hard\libc_nano.a(lib_a-locale.o)
                                          0x9 (size before relaxing)
 .rodata.str1.1
                0x0000000008006ec9        0x2 c:/st/stm32cubeide_1.11.0/stm32cubeide/plugins/com.st.stm32cube.ide.mcu.externaltools.gnu-tools-for-stm32.10.3-2021.10.win32_1.0.100.202210260954/tools/bin/../lib/gcc/arm-none-eabi/10.3.1/../../../../arm-none-eabi/lib/thumb/v7e-m+fp/hard\libc_nano.a(lib_a-locale.o)
 .rodata._vfprintf_r.str1.1
                0x0000000008006ecb       0x11 c:/st/stm32cubeide_1.11.0/stm32cubeide/plugins/com.st.stm32cube.ide.mcu.externaltools.gnu-tools-for-stm32.10.3-2021.10.win32_1.0.100.202210260954/tools/bin/../lib/gcc/arm-none-eabi/10.3.1/../../../../arm-none-eabi/lib/thumb/v7e-m+fp/hard\libc_nano.a(lib_a-nano-vfprintf.o)
 .rodata._ctype_
                0x0000000008006ecb      0x101 c:/st/stm32cubeide_1.11.0/stm32cubeide/plugins/com.st.stm32cube.ide.mcu.externaltools.gnu-tools-for-stm32.10.3-2021.10.win32_1.0.100.202210260954/tools/bin/../lib/gcc/arm-none-eabi/10.3.1/../../../../arm-none-eabi/lib/thumb/v7e-m+fp/hard\libc_nano.a(lib_a-ctype_.o)
                0x0000000008006ecb                _ctype_
 .rodata.__sf_fake_stderr
                0x0000000008006fcc       0x20 c:/st/stm32cubeide_1.11.0/stm32cubeide/plugins/com.st.stm32cube.ide.mcu.externaltools.gnu-tools-for-stm32.10.3-2021.10.win32_1.0.100.202210260954/tools/bin/../lib/gcc/arm-none-eabi/10.3.1/../../../../arm-none-eabi/lib/thumb/v7e-m+fp/hard\libc_nano.a(lib_a-findfp.o)
                0x0000000008006fcc                __sf_fake_stderr
 .rodata.__sf_fake_stdin
                0x0000000008006fec       0x20 c:/st/stm32cubeide_1.11.0/stm32cubeide/plugins/com.st.stm32cube.ide.mcu.externaltools.gnu-tools-for-stm32.10.3-2021.10.win32_1.0.100.202210260954/tools/bin/../lib/gcc/arm-none-eabi/10.3.1/../../../../arm-none-eabi/lib/thumb/v7e-m+fp/hard\libc_nano.a(lib_a-findfp.o)
                0x0000000008006fec                __sf_fake_stdin
 .rodata.__sf_fake_stdout
                0x000000000800700c       0x20 c:/st/stm32cubeide_1.11.0/stm32cubeide/plugins/com.st.stm32cube.ide.mcu.externaltools.gnu-tools-for-stm32.10.3-2021.10.win32_1.0.100.202210260954/tools/bin/../lib/gcc/arm-none-eabi/10.3.1/../../../../arm-none-eabi/lib/thumb/v7e-m+fp/hard\libc_nano.a(lib_a-findfp.o)
                0x000000000800700c                __sf_fake_stdout
                0x000000000800702c                . = ALIGN (0x4)

.rel.dyn        0x000000000800702c        0x0
 .rel.iplt      0x000000000800702c        0x0 c:/st/stm32cubeide_1.11.0/stm32cubeide/plugins/com.st.stm32cube.ide.mcu.externaltools.gnu-tools-for-stm32.10.3-2021.10.win32_1.0.100.202210260954/tools/bin/../lib/gcc/arm-none-eabi/10.3.1/thumb/v7e-m+fp/hard/crtbegin.o

.ARM.extab      0x000000000800702c        0x0
                0x000000000800702c                . = ALIGN (0x4)
 *(.ARM.extab* .gnu.linkonce.armextab.*)
                0x000000000800702c                . = ALIGN (0x4)

.ARM            0x000000000800702c        0x0
                0x000000000800702c                . = ALIGN (0x4)
                0x000000000800702c                __exidx_start = .
 *(.ARM.exidx*)
                0x000000000800702c                __exidx_end = .
                0x000000000800702c                . = ALIGN (0x4)

.preinit_array  0x000000000800702c        0x0
                0x000000000800702c                . = ALIGN (0x4)
                0x000000000800702c                PROVIDE (__preinit_array_start = .)
 *(.preinit_array*)
                0x000000000800702c                PROVIDE (__preinit_array_end = .)
                0x000000000800702c                . = ALIGN (0x4)

.init_array     0x000000000800702c        0x4
                0x000000000800702c                . = ALIGN (0x4)
                0x000000000800702c                PROVIDE (__init_array_start = .)
 *(SORT_BY_NAME(.init_array.*))
 *(.init_array*)
 .init_array    0x000000000800702c        0x4 c:/st/stm32cubeide_1.11.0/stm32cubeide/plugins/com.st.stm32cube.ide.mcu.externaltools.gnu-tools-for-stm32.10.3-2021.10.win32_1.0.100.202210260954/tools/bin/../lib/gcc/arm-none-eabi/10.3.1/thumb/v7e-m+fp/hard/crtbegin.o
                0x0000000008007030                PROVIDE (__init_array_end = .)
                0x0000000008007030                . = ALIGN (0x4)

.fini_array     0x0000000008007030        0x4
                0x0000000008007030                . = ALIGN (0x4)
                [!provide]                        PROVIDE (__fini_array_start = .)
 *(SORT_BY_NAME(.fini_array.*))
 *(.fini_array*)
 .fini_array    0x0000000008007030        0x4 c:/st/stm32cubeide_1.11.0/stm32cubeide/plugins/com.st.stm32cube.ide.mcu.externaltools.gnu-tools-for-stm32.10.3-2021.10.win32_1.0.100.202210260954/tools/bin/../lib/gcc/arm-none-eabi/10.3.1/thumb/v7e-m+fp/hard/crtbegin.o
                [!provide]                        PROVIDE (__fini_array_end = .)
                0x0000000008007034                . = ALIGN (0x4)
                0x0000000008007034                _sidata = LOADADDR (.data)

.data           0x0000000020000000      0x1dc load address 0x0000000008007034
                0x0000000020000000                . = ALIGN (0x4)
                0x0000000020000000                _sdata = .
 *(.data)
 *(.data*)
 .data.SystemCoreClock
                0x0000000020000000        0x4 ./Core/Src/system_stm32f4xx.o
                0x0000000020000000                SystemCoreClock
 .data.uxTopUsedPriority
                0x0000000020000004        0x4 ./Thirdparty/FreeRTOS/tasks.o
                0x0000000020000004                uxTopUsedPriority
 .data.uxCriticalNesting
                0x0000000020000008        0x4 ./Thirdparty/FreeRTOS/portable/GCC/ARM_CM4F/port.o
 .data._impure_ptr
                0x000000002000000c        0x4 c:/st/stm32cubeide_1.11.0/stm32cubeide/plugins/com.st.stm32cube.ide.mcu.externaltools.gnu-tools-for-stm32.10.3-2021.10.win32_1.0.100.202210260954/tools/bin/../lib/gcc/arm-none-eabi/10.3.1/../../../../arm-none-eabi/lib/thumb/v7e-m+fp/hard\libc_nano.a(lib_a-impure.o)
                0x000000002000000c                _impure_ptr
 .data.impure_data
                0x0000000020000010       0x60 c:/st/stm32cubeide_1.11.0/stm32cubeide/plugins/com.st.stm32cube.ide.mcu.externaltools.gnu-tools-for-stm32.10.3-2021.10.win32_1.0.100.202210260954/tools/bin/../lib/gcc/arm-none-eabi/10.3.1/../../../../arm-none-eabi/lib/thumb/v7e-m+fp/hard\libc_nano.a(lib_a-impure.o)
 .data.__global_locale
                0x0000000020000070      0x16c c:/st/stm32cubeide_1.11.0/stm32cubeide/plugins/com.st.stm32cube.ide.mcu.externaltools.gnu-tools-for-stm32.10.3-2021.10.win32_1.0.100.202210260954/tools/bin/../lib/gcc/arm-none-eabi/10.3.1/../../../../arm-none-eabi/lib/thumb/v7e-m+fp/hard\libc_nano.a(lib_a-locale.o)
                0x0000000020000070                __global_locale
 *(.RamFunc)
 *(.RamFunc*)
                0x00000000200001dc                . = ALIGN (0x4)
                0x00000000200001dc                _edata = .
                0x0000000008007210                _siccmram = LOADADDR (.ccmram)

.igot.plt       0x00000000200001dc        0x0 load address 0x0000000008007210
 .igot.plt      0x00000000200001dc        0x0 c:/st/stm32cubeide_1.11.0/stm32cubeide/plugins/com.st.stm32cube.ide.mcu.externaltools.gnu-tools-for-stm32.10.3-2021.10.win32_1.0.100.202210260954/tools/bin/../lib/gcc/arm-none-eabi/10.3.1/thumb/v7e-m+fp/hard/crtbegin.o

.ccmram         0x0000000010000000        0x0 load address 0x0000000008007210
                0x0000000010000000                . = ALIGN (0x4)
                0x0000000010000000                _sccmram = .
 *(.ccmram)
 *(.ccmram*)
                0x0000000010000000                . = ALIGN (0x4)
                0x0000000010000000                _eccmram = .
                0x0000000010000000                . = ALIGN (0x4)

.bss            0x00000000200001dc    0x12e1c
                0x00000000200001dc                _sbss = .
                0x00000000200001dc                __bss_start__ = _sbss
 *(.bss)
 .bss           0x00000000200001dc       0x1c c:/st/stm32cubeide_1.11.0/stm32cubeide/plugins/com.st.stm32cube.ide.mcu.externaltools.gnu-tools-for-stm32.10.3-2021.10.win32_1.0.100.202210260954/tools/bin/../lib/gcc/arm-none-eabi/10.3.1/thumb/v7e-m+fp/hard/crtbegin.o
 *(.bss*)
 .bss.htim6     0x00000000200001f8       0x48 ./Core/Src/stm32f4xx_hal_timebase_tim.o
                0x00000000200001f8                htim6
 .bss.xQueueRegistry
                0x0000000020000240       0x40 ./Thirdparty/FreeRTOS/queue.o
                0x0000000020000240                xQueueRegistry
 .bss.pxCurrentTCB
                0x0000000020000280        0x4 ./Thirdparty/FreeRTOS/tasks.o
                0x0000000020000280                pxCurrentTCB
 .bss.pxReadyTasksLists
                0x0000000020000284       0x64 ./Thirdparty/FreeRTOS/tasks.o
 .bss.xDelayedTaskList1
                0x00000000200002e8       0x14 ./Thirdparty/FreeRTOS/tasks.o
 .bss.xDelayedTaskList2
                0x00000000200002fc       0x14 ./Thirdparty/FreeRTOS/tasks.o
 .bss.pxDelayedTaskList
                0x0000000020000310        0x4 ./Thirdparty/FreeRTOS/tasks.o
 .bss.pxOverflowDelayedTaskList
                0x0000000020000314        0x4 ./Thirdparty/FreeRTOS/tasks.o
 .bss.xPendingReadyList
                0x0000000020000318       0x14 ./Thirdparty/FreeRTOS/tasks.o
 .bss.xTasksWaitingTermination
                0x000000002000032c       0x14 ./Thirdparty/FreeRTOS/tasks.o
 .bss.uxDeletedTasksWaitingCleanUp
                0x0000000020000340        0x4 ./Thirdparty/FreeRTOS/tasks.o
 .bss.xSuspendedTaskList
                0x0000000020000344       0x14 ./Thirdparty/FreeRTOS/tasks.o
 .bss.uxCurrentNumberOfTasks
                0x0000000020000358        0x4 ./Thirdparty/FreeRTOS/tasks.o
 .bss.xTickCount
                0x000000002000035c        0x4 ./Thirdparty/FreeRTOS/tasks.o
 .bss.uxTopReadyPriority
                0x0000000020000360        0x4 ./Thirdparty/FreeRTOS/tasks.o
 .bss.xSchedulerRunning
                0x0000000020000364        0x4 ./Thirdparty/FreeRTOS/tasks.o
 .bss.xPendedTicks
                0x0000000020000368        0x4 ./Thirdparty/FreeRTOS/tasks.o
 .bss.xYieldPending
                0x000000002000036c        0x4 ./Thirdparty/FreeRTOS/tasks.o
 .bss.xNumOfOverflows
                0x0000000020000370        0x4 ./Thirdparty/FreeRTOS/tasks.o
 .bss.uxTaskNumber
                0x0000000020000374        0x4 ./Thirdparty/FreeRTOS/tasks.o
 .bss.xNextTaskUnblockTime
                0x0000000020000378        0x4 ./Thirdparty/FreeRTOS/tasks.o
 .bss.xIdleTaskHandle
                0x000000002000037c        0x4 ./Thirdparty/FreeRTOS/tasks.o
 .bss.uxSchedulerSuspended
                0x0000000020000380        0x4 ./Thirdparty/FreeRTOS/tasks.o
 .bss.xActiveTimerList1
                0x0000000020000384       0x14 ./Thirdparty/FreeRTOS/timers.o
 .bss.xActiveTimerList2
                0x0000000020000398       0x14 ./Thirdparty/FreeRTOS/timers.o
 .bss.pxCurrentTimerList
                0x00000000200003ac        0x4 ./Thirdparty/FreeRTOS/timers.o
 .bss.pxOverflowTimerList
                0x00000000200003b0        0x4 ./Thirdparty/FreeRTOS/timers.o
 .bss.xTimerQueue
                0x00000000200003b4        0x4 ./Thirdparty/FreeRTOS/timers.o
 .bss.xTimerTaskHandle
                0x00000000200003b8        0x4 ./Thirdparty/FreeRTOS/timers.o
 .bss.xLastTime.0
                0x00000000200003bc        0x4 ./Thirdparty/FreeRTOS/timers.o
 .bss.ucMaxSysCallPriority
                0x00000000200003c0        0x1 ./Thirdparty/FreeRTOS/portable/GCC/ARM_CM4F/port.o
 *fill*         0x00000000200003c1        0x3 
 .bss.ulMaxPRIGROUPValue
                0x00000000200003c4        0x4 ./Thirdparty/FreeRTOS/portable/GCC/ARM_CM4F/port.o
 .bss.ucHeap    0x00000000200003c8    0x12c00 ./Thirdparty/FreeRTOS/portable/MemMang/heap_4.o
 .bss.xStart    0x0000000020012fc8        0x8 ./Thirdparty/FreeRTOS/portable/MemMang/heap_4.o
 .bss.pxEnd     0x0000000020012fd0        0x4 ./Thirdparty/FreeRTOS/portable/MemMang/heap_4.o
 .bss.xFreeBytesRemaining
                0x0000000020012fd4        0x4 ./Thirdparty/FreeRTOS/portable/MemMang/heap_4.o
 .bss.xMinimumEverFreeBytesRemaining
                0x0000000020012fd8        0x4 ./Thirdparty/FreeRTOS/portable/MemMang/heap_4.o
 .bss.xNumberOfSuccessfulAllocations
                0x0000000020012fdc        0x4 ./Thirdparty/FreeRTOS/portable/MemMang/heap_4.o
 .bss.xNumberOfSuccessfulFrees
                0x0000000020012fe0        0x4 ./Thirdparty/FreeRTOS/portable/MemMang/heap_4.o
 .bss.__malloc_free_list
                0x0000000020012fe4        0x4 c:/st/stm32cubeide_1.11.0/stm32cubeide/plugins/com.st.stm32cube.ide.mcu.externaltools.gnu-tools-for-stm32.10.3-2021.10.win32_1.0.100.202210260954/tools/bin/../lib/gcc/arm-none-eabi/10.3.1/../../../../arm-none-eabi/lib/thumb/v7e-m+fp/hard\libc_nano.a(lib_a-nano-mallocr.o)
                0x0000000020012fe4                __malloc_free_list
 .bss.__malloc_sbrk_start
                0x0000000020012fe8        0x4 c:/st/stm32cubeide_1.11.0/stm32cubeide/plugins/com.st.stm32cube.ide.mcu.externaltools.gnu-tools-for-stm32.10.3-2021.10.win32_1.0.100.202210260954/tools/bin/../lib/gcc/arm-none-eabi/10.3.1/../../../../arm-none-eabi/lib/thumb/v7e-m+fp/hard\libc_nano.a(lib_a-nano-mallocr.o)
                0x0000000020012fe8                __malloc_sbrk_start
 .bss.errno     0x0000000020012fec        0x4 c:/st/stm32cubeide_1.11.0/stm32cubeide/plugins/com.st.stm32cube.ide.mcu.externaltools.gnu-tools-for-stm32.10.3-2021.10.win32_1.0.100.202210260954/tools/bin/../lib/gcc/arm-none-eabi/10.3.1/../../../../arm-none-eabi/lib/thumb/v7e-m+fp/hard\libc_nano.a(lib_a-reent.o)
                0x0000000020012fec                errno
 .bss.__lock___malloc_recursive_mutex
                0x0000000020012ff0        0x1 c:/st/stm32cubeide_1.11.0/stm32cubeide/plugins/com.st.stm32cube.ide.mcu.externaltools.gnu-tools-for-stm32.10.3-2021.10.win32_1.0.100.202210260954/tools/bin/../lib/gcc/arm-none-eabi/10.3.1/../../../../arm-none-eabi/lib/thumb/v7e-m+fp/hard\libc_nano.a(lib_a-lock.o)
                0x0000000020012ff0                __lock___malloc_recursive_mutex
 .bss.__lock___sfp_recursive_mutex
                0x0000000020012ff1        0x1 c:/st/stm32cubeide_1.11.0/stm32cubeide/plugins/com.st.stm32cube.ide.mcu.externaltools.gnu-tools-for-stm32.10.3-2021.10.win32_1.0.100.202210260954/tools/bin/../lib/gcc/arm-none-eabi/10.3.1/../../../../arm-none-eabi/lib/thumb/v7e-m+fp/hard\libc_nano.a(lib_a-lock.o)
                0x0000000020012ff1                __lock___sfp_recursive_mutex
 .bss.__lock___sinit_recursive_mutex
                0x0000000020012ff2        0x1 c:/st/stm32cubeide_1.11.0/stm32cubeide/plugins/com.st.stm32cube.ide.mcu.externaltools.gnu-tools-for-stm32.10.3-2021.10.win32_1.0.100.202210260954/tools/bin/../lib/gcc/arm-none-eabi/10.3.1/../../../../arm-none-eabi/lib/thumb/v7e-m+fp/hard\libc_nano.a(lib_a-lock.o)
                0x0000000020012ff2                __lock___sinit_recursive_mutex
 *fill*         0x0000000020012ff3        0x1 
 .bss.heap_end.0
                0x0000000020012ff4        0x4 c:/st/stm32cubeide_1.11.0/stm32cubeide/plugins/com.st.stm32cube.ide.mcu.externaltools.gnu-tools-for-stm32.10.3-2021.10.win32_1.0.100.202210260954/tools/bin/../lib/gcc/arm-none-eabi/10.3.1/../../../../arm-none-eabi/lib/thumb/v7e-m+fp/hard\libnosys.a(sbrk.o)
 *(COMMON)
                0x0000000020012ff8                . = ALIGN (0x4)
                0x0000000020012ff8                _ebss = .
                0x0000000020012ff8                __bss_end__ = _ebss

._user_heap_stack
                0x0000000020012ff8      0x600
                0x0000000020012ff8                . = ALIGN (0x8)
                0x0000000020012ff8                PROVIDE (end = .)
                [!provide]                        PROVIDE (_end = .)
                0x00000000200131f8                . = (. + _Min_Heap_Size)
 *fill*         0x0000000020012ff8      0x200 
                0x00000000200135f8                . = (. + _Min_Stack_Size)
 *fill*         0x00000000200131f8      0x400 
                0x00000000200135f8                . = ALIGN (0x8)

/DISCARD/
 libc.a(*)
 libm.a(*)
 libgcc.a(*)

.ARM.attributes
                0x0000000000000000       0x30
 *(.ARM.attributes)
 .ARM.attributes
                0x0000000000000000       0x1e c:/st/stm32cubeide_1.11.0/stm32cubeide/plugins/com.st.stm32cube.ide.mcu.externaltools.gnu-tools-for-stm32.10.3-2021.10.win32_1.0.100.202210260954/tools/bin/../lib/gcc/arm-none-eabi/10.3.1/thumb/v7e-m+fp/hard/crti.o
 .ARM.attributes
                0x000000000000001e       0x34 c:/st/stm32cubeide_1.11.0/stm32cubeide/plugins/com.st.stm32cube.ide.mcu.externaltools.gnu-tools-for-stm32.10.3-2021.10.win32_1.0.100.202210260954/tools/bin/../lib/gcc/arm-none-eabi/10.3.1/thumb/v7e-m+fp/hard/crtbegin.o
 .ARM.attributes
                0x0000000000000052       0x34 ./Core/Src/LCD.o
 .ARM.attributes
                0x0000000000000086       0x34 ./Core/Src/cmn.o
 .ARM.attributes
                0x00000000000000ba       0x34 ./Core/Src/main.o
 .ARM.attributes
                0x00000000000000ee       0x34 ./Core/Src/stm32f4xx_hal_timebase_tim.o
 .ARM.attributes
                0x0000000000000122       0x34 ./Core/Src/stm32f4xx_it.o
 .ARM.attributes
                0x0000000000000156       0x34 ./Core/Src/syscalls.o
 .ARM.attributes
                0x000000000000018a       0x34 ./Core/Src/system_stm32f4xx.o
 .ARM.attributes
                0x00000000000001be       0x21 ./Core/Startup/startup_stm32f405rgtx.o
 .ARM.attributes
                0x00000000000001df       0x34 ./Drivers/STM32F4xx_HAL_Driver/Src/stm32f4xx_hal_tim.o
 .ARM.attributes
                0x0000000000000213       0x34 ./Drivers/STM32F4xx_HAL_Driver/Src/stm32f4xx_hal_tim_ex.o
 .ARM.attributes
                0x0000000000000247       0x34 ./Thirdparty/FreeRTOS/list.o
 .ARM.attributes
                0x000000000000027b       0x34 ./Thirdparty/FreeRTOS/queue.o
 .ARM.attributes
                0x00000000000002af       0x34 ./Thirdparty/FreeRTOS/tasks.o
 .ARM.attributes
                0x00000000000002e3       0x34 ./Thirdparty/FreeRTOS/timers.o
 .ARM.attributes
                0x0000000000000317       0x34 ./Thirdparty/FreeRTOS/portable/GCC/ARM_CM4F/port.o
 .ARM.attributes
                0x000000000000034b       0x34 ./Thirdparty/FreeRTOS/portable/MemMang/heap_4.o
 .ARM.attributes
                0x000000000000037f       0x34 c:/st/stm32cubeide_1.11.0/stm32cubeide/plugins/com.st.stm32cube.ide.mcu.externaltools.gnu-tools-for-stm32.10.3-2021.10.win32_1.0.100.202210260954/tools/bin/../lib/gcc/arm-none-eabi/10.3.1/../../../../arm-none-eabi/lib/thumb/v7e-m+fp/hard\libc_nano.a(lib_a-errno.o)
 .ARM.attributes
                0x00000000000003b3       0x34 c:/st/stm32cubeide_1.11.0/stm32cubeide/plugins/com.st.stm32cube.ide.mcu.externaltools.gnu-tools-for-stm32.10.3-2021.10.win32_1.0.100.202210260954/tools/bin/../lib/gcc/arm-none-eabi/10.3.1/../../../../arm-none-eabi/lib/thumb/v7e-m+fp/hard\libc_nano.a(lib_a-impure.o)
 .ARM.attributes
                0x00000000000003e7       0x34 c:/st/stm32cubeide_1.11.0/stm32cubeide/plugins/com.st.stm32cube.ide.mcu.externaltools.gnu-tools-for-stm32.10.3-2021.10.win32_1.0.100.202210260954/tools/bin/../lib/gcc/arm-none-eabi/10.3.1/../../../../arm-none-eabi/lib/thumb/v7e-m+fp/hard\libc_nano.a(lib_a-init.o)
 .ARM.attributes
                0x000000000000041b       0x34 c:/st/stm32cubeide_1.11.0/stm32cubeide/plugins/com.st.stm32cube.ide.mcu.externaltools.gnu-tools-for-stm32.10.3-2021.10.win32_1.0.100.202210260954/tools/bin/../lib/gcc/arm-none-eabi/10.3.1/../../../../arm-none-eabi/lib/thumb/v7e-m+fp/hard\libc_nano.a(lib_a-memcpy-stub.o)
 .ARM.attributes
                0x000000000000044f       0x34 c:/st/stm32cubeide_1.11.0/stm32cubeide/plugins/com.st.stm32cube.ide.mcu.externaltools.gnu-tools-for-stm32.10.3-2021.10.win32_1.0.100.202210260954/tools/bin/../lib/gcc/arm-none-eabi/10.3.1/../../../../arm-none-eabi/lib/thumb/v7e-m+fp/hard\libc_nano.a(lib_a-memset.o)
 .ARM.attributes
                0x0000000000000483       0x34 c:/st/stm32cubeide_1.11.0/stm32cubeide/plugins/com.st.stm32cube.ide.mcu.externaltools.gnu-tools-for-stm32.10.3-2021.10.win32_1.0.100.202210260954/tools/bin/../lib/gcc/arm-none-eabi/10.3.1/../../../../arm-none-eabi/lib/thumb/v7e-m+fp/hard\libc_nano.a(lib_a-nano-vfprintf_float.o)
 .ARM.attributes
                0x00000000000004b7       0x34 c:/st/stm32cubeide_1.11.0/stm32cubeide/plugins/com.st.stm32cube.ide.mcu.externaltools.gnu-tools-for-stm32.10.3-2021.10.win32_1.0.100.202210260954/tools/bin/../lib/gcc/arm-none-eabi/10.3.1/../../../../arm-none-eabi/lib/thumb/v7e-m+fp/hard\libc_nano.a(lib_a-nano-vfprintf_i.o)
 .ARM.attributes
                0x00000000000004eb       0x34 c:/st/stm32cubeide_1.11.0/stm32cubeide/plugins/com.st.stm32cube.ide.mcu.externaltools.gnu-tools-for-stm32.10.3-2021.10.win32_1.0.100.202210260954/tools/bin/../lib/gcc/arm-none-eabi/10.3.1/../../../../arm-none-eabi/lib/thumb/v7e-m+fp/hard\libc_nano.a(lib_a-sprintf.o)
 .ARM.attributes
                0x000000000000051f       0x17 c:/st/stm32cubeide_1.11.0/stm32cubeide/plugins/com.st.stm32cube.ide.mcu.externaltools.gnu-tools-for-stm32.10.3-2021.10.win32_1.0.100.202210260954/tools/bin/../lib/gcc/arm-none-eabi/10.3.1/../../../../arm-none-eabi/lib/thumb/v7e-m+fp/hard\libc_nano.a(lib_a-strlen.o)
 .ARM.attributes
                0x0000000000000536       0x34 c:/st/stm32cubeide_1.11.0/stm32cubeide/plugins/com.st.stm32cube.ide.mcu.externaltools.gnu-tools-for-stm32.10.3-2021.10.win32_1.0.100.202210260954/tools/bin/../lib/gcc/arm-none-eabi/10.3.1/../../../../arm-none-eabi/lib/thumb/v7e-m+fp/hard\libc_nano.a(lib_a-dtoa.o)
 .ARM.attributes
                0x000000000000056a       0x34 c:/st/stm32cubeide_1.11.0/stm32cubeide/plugins/com.st.stm32cube.ide.mcu.externaltools.gnu-tools-for-stm32.10.3-2021.10.win32_1.0.100.202210260954/tools/bin/../lib/gcc/arm-none-eabi/10.3.1/../../../../arm-none-eabi/lib/thumb/v7e-m+fp/hard\libc_nano.a(lib_a-localeconv.o)
 .ARM.attributes