../Core/Inc/Uson.h:7:6:GPIO_Init_Buzzer	4	static
../Core/Inc/Uson.h:14:6:delay_us	16	static
../Core/Inc/Uson.h:20:6:TIM2_us_init	4	static
../Core/Inc/Uson.h:28:6:delay_us_exc	16	static
../Core/Inc/Uson.h:34:6:TIM4_us_init	4	static
../Core/Inc/Uson.h:42:6:GPIO_Init_Ultrasonic	4	static
../Core/Inc/Uson.h:54:6:send_trigger	8	static
../Core/Inc/Uson.h:62:10:read_echo_time	4	static
../Core/Inc/Vib.h:3:6:GPIO_Motordriver	4	static
../Core/Inc/Vib.h:13:6:pwm_enable	16	static
../Core/Inc/Vib.h:20:6:pwm_gpio_init	4	static
../Core/Inc/Vib.h:35:6:ADCModuleInitVib	24	static
../Core/Inc/Therm.h:3:6:GPIO_Init_MotorRelay	4	static
../Core/Inc/Therm.h:36:6:ADCModuleInittemp	40	static
../Core/Src/main.c:15:6:GPIO_Init_Power	4	static
../Core/Src/main.c:26:6:Therm	16	static
../Core/Src/main.c:36:6:Vib	16	static
../Core/Src/main.c:48:6:Uson	48	static
../Core/Src/main.c:127:5:main	16	static
