../Drivers/CMSIS/Include/core_cm4.h:1688:22:__NVIC_EnableIRQ	16	static
../Core/Inc/RFID.h:1:6:SPI1_Init	4	static
../Core/Inc/RFID.h:19:9:SPI1_Transfer	16	static
../Core/Inc/RFID.h:30:9:MFRC522_ReadReg	24	static
../Core/Inc/RFID.h:38:6:MFRC522_WriteReg	16	static
../Core/Inc/RFID.h:64:6:MFRC522_AntennaOn	16	static
../Core/Inc/RFID.h:71:6:MFRC522_Init	8	static
../Core/Inc/RFID.h:80:9:MFRC522_ToCard	48	static
../Core/Inc/RFID.h:134:9:MFRC522_Request	32	static
../Core/Inc/RFID.h:153:9:MFRC522_Anticoll	48	static
../Core/Inc/usart.h:2:6:USART3_Init	4	static
../Core/Inc/usart.h:32:6:USART3_Receive	4	static
../Core/Inc/usart.h:40:6:USART3_ReceiveString	24	static
../Core/Inc/usart.h:53:6:USART3_Transmit	16	static
../Core/Inc/Thermistor.h:2:6:GPIO_Init_Power	4	static
../Core/Inc/Thermistor.h:13:6:ADC1_Init_Thermistor	40	static
../Core/Inc/Waterlevel.h:3:6:ADC2_Init_WaterLevel	40	static
../Core/Inc/battery.h:3:6:ADC3_Init_Battery	40	static
../Core/Inc/mpu.h:20:6:TIM2_IRQHandler	4	static
../Core/Inc/mpu.h:27:10:millis	4	static
../Core/Inc/mpu.h:31:6:Timer2_Init	8	static
../Core/Inc/mpu.h:51:6:GPIO_Init	4	static
../Core/Inc/mpu.h:64:6:I2C1_Init	4	static
../Core/Inc/mpu.h:104:6:I2C1_Write	16	static
../Core/Inc/mpu.h:128:9:I2C1_Read	24	static
../Core/Inc/mpu.h:166:6:I2C1_ReadMulti	24	static
../Core/Inc/mpu.h:202:6:Tilt	72	static
../Core/Src/main.c:14:5:main	64	static
