../Core/Inc/watlev.h:1:6:GPIO_Init_WatLev	4	static
../Core/Inc/watlev.h:13:6:ADCModuleInitWatlev	40	static
../Core/Inc/Uson.h:7:6:GPIO_Init_USon	4	static
../Core/Inc/Uson.h:17:6:delay_us	16	static
../Core/Inc/Uson.h:23:6:TIM2_us_init	4	static
../Core/Inc/Uson.h:32:6:delay_us_exc	16	static
../Core/Inc/Uson.h:38:6:TIM4_us_init	4	static
../Core/Inc/Uson.h:47:6:GPIO_Init_Ultrasonic	4	static
../Core/Inc/Uson.h:59:6:send_trigger	8	static
../Core/Inc/Uson.h:67:10:read_echo_time	4	static
../Core/Inc/Vib.h:1:6:GPIO_Init_Vib	4	static
../Core/Inc/Vib.h:10:6:GPIO_Motordriver	4	static
../Core/Inc/Vib.h:20:6:pwm_enable	16	static
../Core/Inc/Vib.h:27:6:pwm_gpio_init	4	static
../Core/Inc/Vib.h:42:6:ADCModuleInitVib	24	static
../Core/Inc/Therm.h:1:6:GPIO_Init_Therm	4	static
../Core/Inc/Therm.h:11:6:GPIO_Init_MotorRelay	4	static
../Core/Inc/Therm.h:21:6:ADC_IRQHandler	40	static
../Core/Inc/Therm.h:44:6:ADCModuleInittemp	40	static
../Core/Src/main.c:12:6:Therm	16	static
../Core/Src/main.c:23:6:Vib	16	static
../Core/Src/main.c:36:6:Uson	48	static
../Core/Src/main.c:76:5:main	16	static
